// Jest Snapshot v1, https://goo.gl/fbAQLP

exports[`rule attr-pattern should contain documentation (multiple patterns) 1`] = `
{
  "description": "Attribute "foobar" should match one of the configured regular expressions:

- \`/[a-z]+/\`
- \`/[0-9]+/\`",
  "url": "https://html-validate.org/rules/attr-pattern.html",
}
`;

exports[`rule attr-pattern should contain documentation (single pattern) 1`] = `
{
  "description": "Attribute "foobar" should match the regular expression \`/[a-z]+/\`",
  "url": "https://html-validate.org/rules/attr-pattern.html",
}
`;
