// Jest Snapshot v1, https://goo.gl/fbAQLP

exports[`rule button-type should contain documentation 1`] = `
Object {
  "description": "HTML button defaults to \`type=\\"submit\\"\` when attribute is missing or invalid which may not be the intended type.

A common side-effect of this is when pressing enter in a form field unexpectedly prevents form submission and instead executes the action this button is bound to.",
  "url": "https://html-validate.org/rules/button-type.html",
}
`;

exports[`rule button-type smoketest 1`] = `
Array [
  Object {
    "errorCount": 2,
    "filePath": "test-files/rules/button-type.html",
    "messages": Array [
      Object {
        "column": 3,
        "context": undefined,
        "line": 2,
        "message": "Button is missing type attribute",
        "offset": 9,
        "ruleId": "button-type",
        "severity": 2,
        "size": 6,
      },
      Object {
        "column": 16,
        "context": undefined,
        "line": 3,
        "message": "Button has invalid type \\"foo\\"",
        "offset": 65,
        "ruleId": "button-type",
        "severity": 2,
        "size": 3,
      },
    ],
    "source": "<form>
	<button>Button with missing type</button>
	<button type=\\"foo\\">Button with invalid type</button>
</form>
",
    "warningCount": 0,
  },
]
`;
