// Jest Snapshot v1, https://goo.gl/fbAQLP

exports[`rule class-pattern smoketest 1`] = `
Array [
  Object {
    "errorCount": 2,
    "filePath": "test-files/rules/class-pattern.html",
    "messages": Array [
      Object {
        "column": 6,
        "line": 3,
        "message": "Class \\"foo_bar\\" does not match required pattern \\"/^[a-z0-9-]+$/\\"",
        "offset": 42,
        "ruleId": "class-pattern",
        "severity": 2,
      },
      Object {
        "column": 6,
        "line": 5,
        "message": "Class \\"fooBar\\" does not match required pattern \\"/^[a-z0-9-]+$/\\"",
        "offset": 79,
        "ruleId": "class-pattern",
        "severity": 2,
      },
    ],
    "warningCount": 0,
  },
]
`;
