// Jest Snapshot v1, https://goo.gl/fbAQLP

exports[`rule class-pattern should contain documentation 1`] = `
{
  "description": "For consistency all classes are required to match the pattern /^[a-z0-9-]+$/ (kebabcase).",
  "url": "https://html-validate.org/rules/class-pattern.html",
}
`;

exports[`rule class-pattern smoketest 1`] = `
[
  {
    "errorCount": 2,
    "filePath": "test-files/rules/class-pattern.html",
    "messages": [
      {
        "column": 17,
        "context": undefined,
        "line": 3,
        "message": "Class "foo_bar" does not match required pattern "/^[a-z0-9-]+$/"",
        "offset": 53,
        "ruleId": "class-pattern",
        "ruleUrl": "https://html-validate.org/rules/class-pattern.html",
        "selector": "div:nth-child(2)",
        "severity": 2,
        "size": 7,
      },
      {
        "column": 17,
        "context": undefined,
        "line": 5,
        "message": "Class "fooBar" does not match required pattern "/^[a-z0-9-]+$/"",
        "offset": 90,
        "ruleId": "class-pattern",
        "ruleUrl": "https://html-validate.org/rules/class-pattern.html",
        "selector": "div:nth-child(3)",
        "severity": 2,
        "size": 6,
      },
    ],
    "source": "<div class="foo foo-bar bar"></div>

<div class="foo foo_bar bar"></div>

<div class="foo fooBar bar"></div>
",
    "warningCount": 0,
  },
]
`;
