// Jest Snapshot v1, https://goo.gl/fbAQLP

exports[`rule close-order smoketest 1`] = `
Array [
  Object {
    "errorCount": 2,
    "filePath": "test-files/rules/close-order.html",
    "messages": Array [
      Object {
        "column": 16,
        "line": 6,
        "message": "Mismatched close-tag, expected '</p>' but found '</div>'.",
        "offset": 53,
        "ruleId": "close-order",
        "severity": 2,
        "size": 4,
      },
      Object {
        "column": 5,
        "line": 12,
        "message": "Unexpected close-tag, expected opening tag.",
        "offset": 112,
        "ruleId": "close-order",
        "severity": 2,
        "size": 1,
      },
    ],
    "source": "<div>
	<br/>
	<p></p>
	<input>
</div>
<p>Lorem ipsum</div>

<ul>
	<li>lorem ipsum
	<li>dolor sit amet
</ul>
</li>
",
    "warningCount": 0,
  },
]
`;
