// Jest Snapshot v1, https://goo.gl/fbAQLP

exports[`rule close-attr smoketest 1`] = `
Array [
  Object {
    "errorCount": 1,
    "filePath": "test-files/rules/close-attr.html",
    "messages": Array [
      Object {
        "column": 15,
        "line": 3,
        "message": "Close tags cannot have attributes",
        "offset": 36,
        "ruleId": "close-attr",
        "severity": 2,
        "size": 1,
      },
    ],
    "source": "<input foo>
<hr bar/>
<div></div baz>
",
    "warningCount": 0,
  },
]
`;
