// Jest Snapshot v1, https://jestjs.io/docs/snapshot-testing

exports[`rule doctype-html should contain documentation 1`] = `
{
  "description": "HTML5 documents should use the "html" doctype (short \`form\`, not legacy string):

\`\`\`html
<!DOCTYPE html>
\`\`\`",
  "url": "https://html-validate.org/rules/doctype-html.html",
}
`;
