// Jest Snapshot v1, https://goo.gl/fbAQLP

exports[`rule element-permitted-parent should contain documentation 1`] = `
{
  "description": "The \`<li>\` element cannot have a \`<div>\` element as parent.

Allowed parents one of:

- \`<foo>\`
- \`<bar>\`
- any phrasing element",
  "url": "https://html-validate.org/rules/element-permitted-parent.html",
}
`;
