// Jest Snapshot v1, https://goo.gl/fbAQLP

exports[`rule element-permitted-occurrences smoketest 1`] = `
Array [
  Object {
    "errorCount": 1,
    "filePath": "test-files/rules/element-permitted-occurrences.html",
    "messages": Array [
      Object {
        "column": 3,
        "line": 3,
        "message": "Element <caption> can only appear once under <table>",
        "offset": 32,
        "ruleId": "element-permitted-occurrences",
        "severity": 2,
        "size": 7,
      },
    ],
    "warningCount": 0,
  },
]
`;
