// Jest Snapshot v1, https://goo.gl/fbAQLP

exports[`rule element-permitted-parent should contain contextual documentation 1`] = `
{
  "description": "The \`<div>\` element is not permitted as content under the parent \`<span>\` element.",
  "url": "https://html-validate.org/rules/element-permitted-parent.html",
}
`;

exports[`rule element-permitted-parent should contain documentation 1`] = `
{
  "description": "Some elements has restrictions on what content is allowed.
This can include both direct children or descendant elements.",
  "url": "https://html-validate.org/rules/element-permitted-parent.html",
}
`;
