// Jest Snapshot v1, https://jestjs.io/docs/snapshot-testing

exports[`rule element-case should contain documentation 1`] = `
{
  "description": "Element tagname must be in lowercase.",
  "url": "https://html-validate.org/rules/element-case.html",
}
`;

exports[`rule element-case should contain documentation with multiple styles 1`] = `
{
  "description": "Element tagname must be in one of:

- lowercase
- pascalcase",
  "url": "https://html-validate.org/rules/element-case.html",
}
`;
