// Jest Snapshot v1, https://jestjs.io/docs/snapshot-testing

exports[`rule empty-heading should contain documentation 1`] = `
{
  "description": "Assistive technology such as screen readers require textual content in headings. Whitespace only is considered empty.",
  "url": "https://html-validate.org/rules/empty-heading.html",
}
`;
