// Jest Snapshot v1, https://jestjs.io/docs/snapshot-testing

exports[`rule empty-title should contain documentation 1`] = `
{
  "description": "The \`<title>\` element cannot be empty, it must have textual content.

It is used to describe the document and is shown in the browser tab and titlebar.
WCAG and SEO requires a descriptive title and preferably unique within the site.

Whitespace is ignored.",
  "url": "https://html-validate.org/rules/empty-title.html",
}
`;
