// Jest Snapshot v1, https://goo.gl/fbAQLP

exports[`rule empty-heading should contain documentation 1`] = `
Object {
  "description": "Assistive technology such as screen readers require textual content in headings. Whitespace only is considered empty.",
  "url": "https://html-validate.org/rules/empty-heading.html",
}
`;

exports[`rule empty-heading smoketest 1`] = `
Array [
  Object {
    "errorCount": 2,
    "filePath": "test-files/rules/empty-heading.html",
    "messages": Array [
      Object {
        "column": 2,
        "context": undefined,
        "line": 2,
        "message": "<h2> cannot be empty, must have text content",
        "offset": 22,
        "ruleId": "empty-heading",
        "selector": "h2",
        "severity": 2,
        "size": 2,
      },
      Object {
        "column": 2,
        "context": undefined,
        "line": 3,
        "message": "<h3> cannot be empty, must have text content",
        "offset": 32,
        "ruleId": "empty-heading",
        "selector": "h3",
        "severity": 2,
        "size": 2,
      },
    ],
    "source": "<h1>Lorem ipsum</h1>
<h2></h2>
<h3> </h3>
",
    "warningCount": 0,
  },
]
`;
