// Jest Snapshot v1, https://jestjs.io/docs/snapshot-testing

exports[`rule multiple-labeled-controls should contain documentation 1`] = `
{
  "description": "A \`<label>\` element can only be associated with one control at a time.",
  "url": "https://html-validate.org/rules/multiple-labeled-controls.html",
}
`;
