// Jest Snapshot v1, https://goo.gl/fbAQLP

exports[`rule no-conditional-comment smoketest 1`] = `
Array [
  Object {
    "errorCount": 4,
    "filePath": "test-files/rules/no-conditional-comment.html",
    "messages": Array [
      Object {
        "column": 1,
        "line": 3,
        "message": "Use of conditional comments are deprecated",
        "offset": 17,
        "ruleId": "no-conditional-comment",
        "severity": 2,
        "size": 14,
      },
      Object {
        "column": 1,
        "line": 7,
        "message": "Use of conditional comments are deprecated",
        "offset": 57,
        "ruleId": "no-conditional-comment",
        "severity": 2,
        "size": 12,
      },
      Object {
        "column": 1,
        "line": 9,
        "message": "Use of conditional comments are deprecated",
        "offset": 71,
        "ruleId": "no-conditional-comment",
        "severity": 2,
        "size": 12,
      },
      Object {
        "column": 16,
        "line": 9,
        "message": "Use of conditional comments are deprecated",
        "offset": 86,
        "ruleId": "no-conditional-comment",
        "severity": 2,
        "size": 10,
      },
    ],
    "warningCount": 0,
  },
]
`;
