// Jest Snapshot v1, https://goo.gl/fbAQLP

exports[`rule no-conditional-comment should contain documentation 1`] = `
Object {
  "description": "Microsoft Internet Explorer previously supported using special HTML comments (conditional comments) for targeting specific versions of IE but since IE 10 it is deprecated and not supported in standards mode.",
  "url": "https://html-validate.org/rules/no-conditional-comment.html",
}
`;

exports[`rule no-conditional-comment smoketest 1`] = `
Array [
  Object {
    "errorCount": 24,
    "filePath": "test-files/rules/no-conditional-comment.html",
    "messages": Array [
      Object {
        "column": 2,
        "context": undefined,
        "line": 4,
        "message": "Use of conditional comments are deprecated",
        "offset": 52,
        "ruleId": "no-conditional-comment",
        "ruleUrl": "https://html-validate.org/rules/no-conditional-comment.html",
        "selector": "body",
        "severity": 2,
        "size": 12,
      },
      Object {
        "column": 53,
        "context": undefined,
        "line": 4,
        "message": "Use of conditional comments are deprecated",
        "offset": 103,
        "ruleId": "no-conditional-comment",
        "ruleUrl": "https://html-validate.org/rules/no-conditional-comment.html",
        "selector": "body",
        "severity": 2,
        "size": 12,
      },
      Object {
        "column": 2,
        "context": undefined,
        "line": 5,
        "message": "Use of conditional comments are deprecated",
        "offset": 117,
        "ruleId": "no-conditional-comment",
        "ruleUrl": "https://html-validate.org/rules/no-conditional-comment.html",
        "selector": "body",
        "severity": 2,
        "size": 11,
      },
      Object {
        "column": 56,
        "context": undefined,
        "line": 5,
        "message": "Use of conditional comments are deprecated",
        "offset": 171,
        "ruleId": "no-conditional-comment",
        "ruleUrl": "https://html-validate.org/rules/no-conditional-comment.html",
        "selector": "body",
        "severity": 2,
        "size": 10,
      },
      Object {
        "column": 2,
        "context": undefined,
        "line": 7,
        "message": "Use of conditional comments are deprecated",
        "offset": 184,
        "ruleId": "no-conditional-comment",
        "ruleUrl": "https://html-validate.org/rules/no-conditional-comment.html",
        "selector": "body",
        "severity": 2,
        "size": 14,
      },
      Object {
        "column": 54,
        "context": undefined,
        "line": 7,
        "message": "Use of conditional comments are deprecated",
        "offset": 236,
        "ruleId": "no-conditional-comment",
        "ruleUrl": "https://html-validate.org/rules/no-conditional-comment.html",
        "selector": "body",
        "severity": 2,
        "size": 12,
      },
      Object {
        "column": 2,
        "context": undefined,
        "line": 8,
        "message": "Use of conditional comments are deprecated",
        "offset": 250,
        "ruleId": "no-conditional-comment",
        "ruleUrl": "https://html-validate.org/rules/no-conditional-comment.html",
        "selector": "body",
        "severity": 2,
        "size": 17,
      },
      Object {
        "column": 54,
        "context": undefined,
        "line": 8,
        "message": "Use of conditional comments are deprecated",
        "offset": 302,
        "ruleId": "no-conditional-comment",
        "ruleUrl": "https://html-validate.org/rules/no-conditional-comment.html",
        "selector": "body",
        "severity": 2,
        "size": 12,
      },
      Object {
        "column": 2,
        "context": undefined,
        "line": 10,
        "message": "Use of conditional comments are deprecated",
        "offset": 317,
        "ruleId": "no-conditional-comment",
        "ruleUrl": "https://html-validate.org/rules/no-conditional-comment.html",
        "selector": "body",
        "severity": 2,
        "size": 18,
      },
      Object {
        "column": 57,
        "context": undefined,
        "line": 10,
        "message": "Use of conditional comments are deprecated",
        "offset": 372,
        "ruleId": "no-conditional-comment",
        "ruleUrl": "https://html-validate.org/rules/no-conditional-comment.html",
        "selector": "body",
        "severity": 2,
        "size": 12,
      },
      Object {
        "column": 2,
        "context": undefined,
        "line": 11,
        "message": "Use of conditional comments are deprecated",
        "offset": 386,
        "ruleId": "no-conditional-comment",
        "ruleUrl": "https://html-validate.org/rules/no-conditional-comment.html",
        "selector": "body",
        "severity": 2,
        "size": 16,
      },
      Object {
        "column": 58,
        "context": undefined,
        "line": 11,
        "message": "Use of conditional comments are deprecated",
        "offset": 442,
        "ruleId": "no-conditional-comment",
        "ruleUrl": "https://html-validate.org/rules/no-conditional-comment.html",
        "selector": "body",
        "severity": 2,
        "size": 12,
      },
      Object {
        "column": 2,
        "context": undefined,
        "line": 12,
        "message": "Use of conditional comments are deprecated",
        "offset": 456,
        "ruleId": "no-conditional-comment",
        "ruleUrl": "https://html-validate.org/rules/no-conditional-comment.html",
        "selector": "body",
        "severity": 2,
        "size": 32,
      },
      Object {
        "column": 70,
        "context": undefined,
        "line": 12,
        "message": "Use of conditional comments are deprecated",
        "offset": 524,
        "ruleId": "no-conditional-comment",
        "ruleUrl": "https://html-validate.org/rules/no-conditional-comment.html",
        "selector": "body",
        "severity": 2,
        "size": 12,
      },
      Object {
        "column": 2,
        "context": undefined,
        "line": 13,
        "message": "Use of conditional comments are deprecated",
        "offset": 538,
        "ruleId": "no-conditional-comment",
        "ruleUrl": "https://html-validate.org/rules/no-conditional-comment.html",
        "selector": "body",
        "severity": 2,
        "size": 19,
      },
      Object {
        "column": 77,
        "context": undefined,
        "line": 13,
        "message": "Use of conditional comments are deprecated",
        "offset": 613,
        "ruleId": "no-conditional-comment",
        "ruleUrl": "https://html-validate.org/rules/no-conditional-comment.html",
        "selector": "body",
        "severity": 2,
        "size": 12,
      },
      Object {
        "column": 2,
        "context": undefined,
        "line": 15,
        "message": "Use of conditional comments are deprecated",
        "offset": 628,
        "ruleId": "no-conditional-comment",
        "ruleUrl": "https://html-validate.org/rules/no-conditional-comment.html",
        "selector": "body",
        "severity": 2,
        "size": 14,
      },
      Object {
        "column": 58,
        "context": undefined,
        "line": 15,
        "message": "Use of conditional comments are deprecated",
        "offset": 684,
        "ruleId": "no-conditional-comment",
        "ruleUrl": "https://html-validate.org/rules/no-conditional-comment.html",
        "selector": "body",
        "severity": 2,
        "size": 12,
      },
      Object {
        "column": 2,
        "context": undefined,
        "line": 16,
        "message": "Use of conditional comments are deprecated",
        "offset": 698,
        "ruleId": "no-conditional-comment",
        "ruleUrl": "https://html-validate.org/rules/no-conditional-comment.html",
        "selector": "body",
        "severity": 2,
        "size": 13,
      },
      Object {
        "column": 58,
        "context": undefined,
        "line": 16,
        "message": "Use of conditional comments are deprecated",
        "offset": 754,
        "ruleId": "no-conditional-comment",
        "ruleUrl": "https://html-validate.org/rules/no-conditional-comment.html",
        "selector": "body",
        "severity": 2,
        "size": 10,
      },
      Object {
        "column": 2,
        "context": undefined,
        "line": 18,
        "message": "Use of conditional comments are deprecated",
        "offset": 767,
        "ruleId": "no-conditional-comment",
        "ruleUrl": "https://html-validate.org/rules/no-conditional-comment.html",
        "selector": "body",
        "severity": 2,
        "size": 14,
      },
      Object {
        "column": 16,
        "context": undefined,
        "line": 18,
        "message": "Use of conditional comments are deprecated",
        "offset": 781,
        "ruleId": "no-conditional-comment",
        "ruleUrl": "https://html-validate.org/rules/no-conditional-comment.html",
        "selector": "body",
        "severity": 2,
        "size": 12,
      },
      Object {
        "column": 76,
        "context": undefined,
        "line": 18,
        "message": "Use of conditional comments are deprecated",
        "offset": 841,
        "ruleId": "no-conditional-comment",
        "ruleUrl": "https://html-validate.org/rules/no-conditional-comment.html",
        "selector": "body",
        "severity": 2,
        "size": 10,
      },
      Object {
        "column": 86,
        "context": undefined,
        "line": 18,
        "message": "Use of conditional comments are deprecated",
        "offset": 851,
        "ruleId": "no-conditional-comment",
        "ruleUrl": "https://html-validate.org/rules/no-conditional-comment.html",
        "selector": "body",
        "severity": 2,
        "size": 12,
      },
    ],
    "source": "<body>
	<!-- examples from MSDN documentation -->

	<!--[if IE]><p>You are using Internet Explorer.</p><![endif]-->
	<![if !IE]><p>You are not using Internet Explorer.</p><![endif]>

	<!--[if IE 7]><p>Welcome to Internet Explorer 7!</p><![endif]-->
	<!--[if !(IE 7)]><p>You are not using version 7.</p><![endif]-->

	<!--[if gte IE 7]><p>You are using IE 7 or greater.</p><![endif]-->
	<!--[if (IE 5)]><p>You are using IE 5 (any version).</p><![endif]-->
	<!--[if (gte IE 5.5)&(lt IE 7)]><p>You are using IE 5.5 or IE 6.</p><![endif]-->
	<!--[if lt IE 5.5]><p>Please upgrade your version of Internet Explorer.</p><![endif]-->

	<!--[if true]>You are using an <em>uplevel</em> browser.<![endif]-->
	<![if false]>You are using a <em>downlevel</em> browser.<![endif]>

	<!--[if true]><![if IE 7]><p>This nested comment is displayed in IE 7.</p><![endif]><![endif]-->
</body>
",
    "warningCount": 0,
  },
]
`;
