// Jest Snapshot v1, https://goo.gl/fbAQLP

exports[`rule no-dup-class should contain documentation 1`] = `
{
  "description": "Prevents unnecessary duplication of class names.",
  "url": "https://html-validate.org/rules/no-dup-class.html",
}
`;

exports[`rule no-dup-class smoketest 1`] = `
[
  {
    "errorCount": 1,
    "filePath": "test-files/rules/no-dup-class.html",
    "messages": [
      {
        "column": 21,
        "context": undefined,
        "line": 5,
        "message": "Class "foo" duplicated",
        "offset": 74,
        "ruleId": "no-dup-class",
        "ruleUrl": "https://html-validate.org/rules/no-dup-class.html",
        "selector": "div:nth-child(3)",
        "severity": 2,
        "size": 3,
      },
    ],
    "source": "<div class="foo"></div>

<div class="foo bar"></div>

<div class="foo bar foo"></div>
",
    "warningCount": 0,
  },
]
`;
