// Jest Snapshot v1, https://goo.gl/fbAQLP

exports[`rule no-dup-class should contain documentation 1`] = `
Object {
  "description": "Prevents unnecessary duplication of class names.",
  "url": "https://html-validate.org/rules/no-dup-class.html",
}
`;

exports[`rule no-dup-class smoketest 1`] = `
Array [
  Object {
    "errorCount": 1,
    "filePath": "test-files/rules/no-dup-class.html",
    "messages": Array [
      Object {
        "column": 13,
        "context": undefined,
        "line": 5,
        "message": "Class \\"foo\\" duplicated",
        "offset": 66,
        "ruleId": "no-dup-class",
        "selector": "div:nth-child(3)",
        "severity": 2,
        "size": 11,
      },
    ],
    "source": "<div class=\\"foo\\"></div>

<div class=\\"foo bar\\"></div>

<div class=\\"foo bar foo\\"></div>
",
    "warningCount": 0,
  },
]
`;
