// Jest Snapshot v1, https://goo.gl/fbAQLP

exports[`rule no-implicit-close smoketest 1`] = `
Array [
  Object {
    "errorCount": 14,
    "filePath": "test-files/rules/no-implicit-close.html",
    "messages": Array [
      Object {
        "column": 2,
        "line": 6,
        "message": "Element <li> is implicitly closed by sibling",
        "offset": 36,
        "ruleId": "no-implicit-close",
        "severity": 2,
      },
      Object {
        "column": 2,
        "line": 7,
        "message": "Element <li> is implicitly closed by sibling",
        "offset": 45,
        "ruleId": "no-implicit-close",
        "severity": 2,
      },
      Object {
        "column": 2,
        "line": 8,
        "message": "Element <li> is implicitly closed by parent </ul>",
        "offset": 54,
        "ruleId": "no-implicit-close",
        "severity": 2,
      },
      Object {
        "column": 2,
        "line": 12,
        "message": "Element <li> is implicitly closed by sibling",
        "offset": 75,
        "ruleId": "no-implicit-close",
        "severity": 2,
      },
      Object {
        "column": 2,
        "line": 13,
        "message": "Element <li> is implicitly closed by sibling",
        "offset": 96,
        "ruleId": "no-implicit-close",
        "severity": 2,
      },
      Object {
        "column": 2,
        "line": 14,
        "message": "Element <li> is implicitly closed by parent </ul>",
        "offset": 117,
        "ruleId": "no-implicit-close",
        "severity": 2,
      },
      Object {
        "column": 2,
        "line": 18,
        "message": "Element <li> is implicitly closed by sibling",
        "offset": 150,
        "ruleId": "no-implicit-close",
        "severity": 2,
      },
      Object {
        "column": 2,
        "line": 19,
        "message": "Element <li> is implicitly closed by parent </ul>",
        "offset": 179,
        "ruleId": "no-implicit-close",
        "severity": 2,
      },
      Object {
        "column": 2,
        "line": 23,
        "message": "Element <dt> is implicitly closed by adjacent <dd>",
        "offset": 208,
        "ruleId": "no-implicit-close",
        "severity": 2,
      },
      Object {
        "column": 2,
        "line": 24,
        "message": "Element <dd> is implicitly closed by sibling",
        "offset": 219,
        "ruleId": "no-implicit-close",
        "severity": 2,
      },
      Object {
        "column": 2,
        "line": 25,
        "message": "Element <dd> is implicitly closed by adjacent <dt>",
        "offset": 237,
        "ruleId": "no-implicit-close",
        "severity": 2,
      },
      Object {
        "column": 2,
        "line": 26,
        "message": "Element <dt> is implicitly closed by adjacent <dd>",
        "offset": 255,
        "ruleId": "no-implicit-close",
        "severity": 2,
      },
      Object {
        "column": 2,
        "line": 27,
        "message": "Element <dd> is implicitly closed by parent </dl>",
        "offset": 265,
        "ruleId": "no-implicit-close",
        "severity": 2,
      },
      Object {
        "column": 1,
        "line": 30,
        "message": "Element <p> is implicitly closed by adjacent <address>",
        "offset": 287,
        "ruleId": "no-implicit-close",
        "severity": 2,
      },
    ],
    "warningCount": 0,
  },
]
`;
