// Jest Snapshot v1, https://goo.gl/fbAQLP

exports[`rule no-implicit-close should contain documentation 1`] = `
Object {
  "description": "Some elements in HTML has optional end tags. When an optional tag is omitted a browser must handle it as if the end tag was present.

Omitted end tags can be ambigious for humans to read and many editors have trouble formatting the markup.",
  "url": "https://html-validate.org/rules/no-implicit-close.html",
}
`;

exports[`rule no-implicit-close smoketest 1`] = `
Array [
  Object {
    "errorCount": 14,
    "filePath": "test-files/rules/no-implicit-close.html",
    "messages": Array [
      Object {
        "column": 3,
        "context": undefined,
        "line": 6,
        "message": "Element <li> is implicitly closed by sibling",
        "offset": 37,
        "ruleId": "no-implicit-close",
        "ruleUrl": "https://html-validate.org/rules/no-implicit-close.html",
        "selector": "ul:nth-child(2) > li:nth-child(1)",
        "severity": 2,
        "size": 2,
      },
      Object {
        "column": 3,
        "context": undefined,
        "line": 7,
        "message": "Element <li> is implicitly closed by sibling",
        "offset": 46,
        "ruleId": "no-implicit-close",
        "ruleUrl": "https://html-validate.org/rules/no-implicit-close.html",
        "selector": "ul:nth-child(2) > li:nth-child(2)",
        "severity": 2,
        "size": 2,
      },
      Object {
        "column": 3,
        "context": undefined,
        "line": 8,
        "message": "Element <li> is implicitly closed by parent </ul>",
        "offset": 55,
        "ruleId": "no-implicit-close",
        "ruleUrl": "https://html-validate.org/rules/no-implicit-close.html",
        "selector": "ul:nth-child(2) > li:nth-child(3)",
        "severity": 2,
        "size": 2,
      },
      Object {
        "column": 3,
        "context": undefined,
        "line": 12,
        "message": "Element <li> is implicitly closed by sibling",
        "offset": 76,
        "ruleId": "no-implicit-close",
        "ruleUrl": "https://html-validate.org/rules/no-implicit-close.html",
        "selector": "ul:nth-child(3) > li:nth-child(1)",
        "severity": 2,
        "size": 2,
      },
      Object {
        "column": 3,
        "context": undefined,
        "line": 13,
        "message": "Element <li> is implicitly closed by sibling",
        "offset": 97,
        "ruleId": "no-implicit-close",
        "ruleUrl": "https://html-validate.org/rules/no-implicit-close.html",
        "selector": "ul:nth-child(3) > li:nth-child(2)",
        "severity": 2,
        "size": 2,
      },
      Object {
        "column": 3,
        "context": undefined,
        "line": 14,
        "message": "Element <li> is implicitly closed by parent </ul>",
        "offset": 118,
        "ruleId": "no-implicit-close",
        "ruleUrl": "https://html-validate.org/rules/no-implicit-close.html",
        "selector": "ul:nth-child(3) > li:nth-child(3)",
        "severity": 2,
        "size": 2,
      },
      Object {
        "column": 3,
        "context": undefined,
        "line": 18,
        "message": "Element <li> is implicitly closed by sibling",
        "offset": 151,
        "ruleId": "no-implicit-close",
        "ruleUrl": "https://html-validate.org/rules/no-implicit-close.html",
        "selector": "ul:nth-child(4) > li:nth-child(1)",
        "severity": 2,
        "size": 2,
      },
      Object {
        "column": 3,
        "context": undefined,
        "line": 19,
        "message": "Element <li> is implicitly closed by parent </ul>",
        "offset": 180,
        "ruleId": "no-implicit-close",
        "ruleUrl": "https://html-validate.org/rules/no-implicit-close.html",
        "selector": "ul:nth-child(4) > li:nth-child(2)",
        "severity": 2,
        "size": 2,
      },
      Object {
        "column": 3,
        "context": undefined,
        "line": 23,
        "message": "Element <dt> is implicitly closed by adjacent <dd>",
        "offset": 209,
        "ruleId": "no-implicit-close",
        "ruleUrl": "https://html-validate.org/rules/no-implicit-close.html",
        "selector": "dl > dt",
        "severity": 2,
        "size": 2,
      },
      Object {
        "column": 3,
        "context": undefined,
        "line": 24,
        "message": "Element <dd> is implicitly closed by sibling",
        "offset": 220,
        "ruleId": "no-implicit-close",
        "ruleUrl": "https://html-validate.org/rules/no-implicit-close.html",
        "selector": "dl > dd:nth-child(2)",
        "severity": 2,
        "size": 2,
      },
      Object {
        "column": 3,
        "context": undefined,
        "line": 25,
        "message": "Element <dd> is implicitly closed by adjacent <dt>",
        "offset": 238,
        "ruleId": "no-implicit-close",
        "ruleUrl": "https://html-validate.org/rules/no-implicit-close.html",
        "selector": "dl > dd:nth-child(3)",
        "severity": 2,
        "size": 2,
      },
      Object {
        "column": 3,
        "context": undefined,
        "line": 26,
        "message": "Element <dt> is implicitly closed by adjacent <dd>",
        "offset": 256,
        "ruleId": "no-implicit-close",
        "ruleUrl": "https://html-validate.org/rules/no-implicit-close.html",
        "selector": "dl > dt:nth-child(4)",
        "severity": 2,
        "size": 2,
      },
      Object {
        "column": 3,
        "context": undefined,
        "line": 27,
        "message": "Element <dd> is implicitly closed by parent </dl>",
        "offset": 266,
        "ruleId": "no-implicit-close",
        "ruleUrl": "https://html-validate.org/rules/no-implicit-close.html",
        "selector": "dl > dd:nth-child(5)",
        "severity": 2,
        "size": 2,
      },
      Object {
        "column": 2,
        "context": undefined,
        "line": 30,
        "message": "Element <p> is implicitly closed by adjacent <address>",
        "offset": 288,
        "ruleId": "no-implicit-close",
        "ruleUrl": "https://html-validate.org/rules/no-implicit-close.html",
        "selector": "p",
        "severity": 2,
        "size": 1,
      },
    ],
    "source": "<ul>
	<li>regular</li>
</ul>

<ul>
	<li>foo
	<li>bar
	<li>baz
</ul>

<ul>
	<li class=\\"foo\\">foo
	<li class=\\"bar\\">bar
	<li class=\\"baz\\">baz
</ul>

<ul>
	<li>foo<strong>bar</strong>
	<li>foo <input>
</ul>

<dl>
	<dt>title
	<dd>definition 1
	<dd>definition 2
	<dt>fred
	<dd>flintstone
</dl>

<p>
	lorem ipsum
	<address>spam</address>
</p>
",
    "warningCount": 0,
  },
]
`;
