// Jest Snapshot v1, https://goo.gl/fbAQLP

exports[`rule no-inline-style should contain documentation 1`] = `
Object {
  "description": "Inline style is not allowed.

Inline style is a sign of unstructured CSS. Use class or ID with a separate stylesheet.

Under the current configuration the following CSS properties are allowed:

- \`display\`",
  "url": "https://html-validate.org/rules/no-inline-style.html",
}
`;

exports[`rule no-inline-style smoketest 1`] = `
Array [
  Object {
    "errorCount": 1,
    "filePath": "test-files/rules/no-inline-style.html",
    "messages": Array [
      Object {
        "column": 4,
        "context": undefined,
        "line": 1,
        "message": "Inline style is not allowed",
        "offset": 3,
        "ruleId": "no-inline-style",
        "ruleUrl": "https://html-validate.org/rules/no-inline-style.html",
        "selector": "p",
        "severity": 2,
        "size": 5,
      },
    ],
    "source": "<p style=\\"color: red\\"></p>
<p></p>
",
    "warningCount": 0,
  },
]
`;
