// Jest Snapshot v1, https://jestjs.io/docs/snapshot-testing

exports[`rule no-style-tag should contain documentation 1`] = `
{
  "description": "Prefer to use external stylesheets with the \`<link>\` tag instead of inlining the styling.",
  "url": "https://html-validate.org/rules/no-style-tag.html",
}
`;
