// Jest Snapshot v1, https://goo.gl/fbAQLP

exports[`rule no-trailing-whitespace should contain documentation 1`] = `
{
  "description": "Lines with trailing whitespace cause unnessecary diff when using version control and usually serve no special purpose in HTML.",
  "url": "https://html-validate.org/rules/no-trailing-whitespace.html",
}
`;

exports[`rule no-trailing-whitespace smoketest 1`] = `
[
  {
    "errorCount": 6,
    "filePath": "test-files/rules/no-trailing-whitespace.html",
    "messages": [
      {
        "column": 6,
        "context": undefined,
        "line": 5,
        "message": "Trailing whitespace",
        "offset": 25,
        "ruleId": "no-trailing-whitespace",
        "ruleUrl": "https://html-validate.org/rules/no-trailing-whitespace.html",
        "selector": null,
        "severity": 2,
        "size": 2,
      },
      {
        "column": 6,
        "context": undefined,
        "line": 6,
        "message": "Trailing whitespace",
        "offset": 32,
        "ruleId": "no-trailing-whitespace",
        "ruleUrl": "https://html-validate.org/rules/no-trailing-whitespace.html",
        "selector": null,
        "severity": 2,
        "size": 3,
      },
      {
        "column": 1,
        "context": undefined,
        "line": 7,
        "message": "Trailing whitespace",
        "offset": 35,
        "ruleId": "no-trailing-whitespace",
        "ruleUrl": "https://html-validate.org/rules/no-trailing-whitespace.html",
        "selector": null,
        "severity": 2,
        "size": 3,
      },
      {
        "column": 6,
        "context": undefined,
        "line": 8,
        "message": "Trailing whitespace",
        "offset": 43,
        "ruleId": "no-trailing-whitespace",
        "ruleUrl": "https://html-validate.org/rules/no-trailing-whitespace.html",
        "selector": null,
        "severity": 2,
        "size": 3,
      },
      {
        "column": 7,
        "context": undefined,
        "line": 12,
        "message": "Trailing whitespace",
        "offset": 66,
        "ruleId": "no-trailing-whitespace",
        "ruleUrl": "https://html-validate.org/rules/no-trailing-whitespace.html",
        "selector": null,
        "severity": 2,
        "size": 3,
      },
      {
        "column": 1,
        "context": undefined,
        "line": 15,
        "message": "Trailing whitespace",
        "offset": 76,
        "ruleId": "no-trailing-whitespace",
        "ruleUrl": "https://html-validate.org/rules/no-trailing-whitespace.html",
        "selector": null,
        "severity": 2,
        "size": 3,
      },
    ],
    "source": "<foo>
  foo
</foo>

<bar>	
  bar  
  
  baz  
</bar>

<baz>
  spam  

  ham
  
</baz>
",
    "warningCount": 0,
  },
]
`;
