// Jest Snapshot v1, https://goo.gl/fbAQLP

exports[`rule no-trailing-whitespace smoketest 1`] = `
Array [
  Object {
    "errorCount": 6,
    "filePath": "test-files/rules/no-trailing-whitespace.html",
    "messages": Array [
      Object {
        "column": 6,
        "line": 5,
        "message": "Trailing whitespace",
        "offset": 25,
        "ruleId": "no-trailing-whitespace",
        "severity": 2,
        "size": 2,
      },
      Object {
        "column": 6,
        "line": 6,
        "message": "Trailing whitespace",
        "offset": 32,
        "ruleId": "no-trailing-whitespace",
        "severity": 2,
        "size": 3,
      },
      Object {
        "column": 1,
        "line": 7,
        "message": "Trailing whitespace",
        "offset": 35,
        "ruleId": "no-trailing-whitespace",
        "severity": 2,
        "size": 3,
      },
      Object {
        "column": 6,
        "line": 8,
        "message": "Trailing whitespace",
        "offset": 43,
        "ruleId": "no-trailing-whitespace",
        "severity": 2,
        "size": 3,
      },
      Object {
        "column": 7,
        "line": 12,
        "message": "Trailing whitespace",
        "offset": 66,
        "ruleId": "no-trailing-whitespace",
        "severity": 2,
        "size": 3,
      },
      Object {
        "column": 1,
        "line": 15,
        "message": "Trailing whitespace",
        "offset": 76,
        "ruleId": "no-trailing-whitespace",
        "severity": 2,
        "size": 3,
      },
    ],
    "source": "<foo>
  foo
</foo>

<bar>	
  bar  
  
  baz  
</bar>

<baz>
  spam  

  ham
  
</baz>
",
    "warningCount": 0,
  },
]
`;
