// Jest Snapshot v1, https://jestjs.io/docs/snapshot-testing

exports[`rule script-element should contain documentation 1`] = `
{
  "description": "The end tag for \`<script>\` is a hard requirement and must never be omitted even when using the \`src\` attribute.",
  "url": "https://html-validate.org/rules/script-element.html",
}
`;
