// Jest Snapshot v1, https://goo.gl/fbAQLP

exports[`SchemaValidationError should pretty-print validation errors 1`] = `
"TYPE should be boolean

  1 | {
  2 |   \\"foo\\": {
> 3 |     \\"flow\\": \\"spam\\"
    |             ^^^^^^ 👈🏽  type should be boolean
  4 |   }
  5 | }

TYPE should be array

  1 | {
  2 |   \\"foo\\": {
> 3 |     \\"flow\\": \\"spam\\"
    |             ^^^^^^ 👈🏽  type should be array
  4 |   }
  5 | }

ANYOF should match some schema in anyOf

  1 | {
  2 |   \\"foo\\": {
> 3 |     \\"flow\\": \\"spam\\"
    |             ^^^^^^ 👈🏽  anyOf should match some schema in anyOf
  4 |   }
  5 | }"
`;
