// Jest Snapshot v1, https://goo.gl/fbAQLP

exports[`SchemaValidationError should pretty-print validation errors 1`] = `
"TYPE must be boolean

  1 | {
  2 |   "foo": {
> 3 |     "flow": "spam"
    |             ^^^^^^ 👈🏽  type must be boolean
  4 |   }
  5 | }

TYPE must be array

  1 | {
  2 |   "foo": {
> 3 |     "flow": "spam"
    |             ^^^^^^ 👈🏽  type must be array
  4 |   }
  5 | }

ANYOF must match a schema in anyOf

  1 | {
  2 |   "foo": {
> 3 |     "flow": "spam"
    |             ^^^^^^ 👈🏽  anyOf must match a schema in anyOf
  4 |   }
  5 | }"
`;
