// Jest Snapshot v1, https://goo.gl/fbAQLP

exports[`codeframe formatter should empty messages 1`] = `""`;

exports[`codeframe formatter should empty result 1`] = `""`;

exports[`codeframe formatter should generate plaintext 1`] = `
"<red>error</>: <bold>An error</> <dim>(foo)</> at <green>regular.html:1:6</>:
> 1 | <div id=\\"foo\\"
    |      ^^^^^^^^
> 2 |     class=\\"bar\\"
    | ^^^^^^^^^^^^^^^
  3 |     name=\\"baz\\">
  4 |


<yellow>warning</>: <bold>A warning</> <dim>(bar)</> at <green>regular.html:2:4</>:
  1 | <div id=\\"foo\\"
> 2 |     class=\\"bar\\"
    |    ^
  3 |     name=\\"baz\\">
  4 |


<red>error</>: <bold>Another error</> <dim>(baz)</> at <green>edge-cases.html:3:3</>:
  1 | <div id=\\"foo\\"
  2 |     class=\\"bar\\"
> 3 |     name=\\"baz\\">
    |   ^
  4 |


<red><bold>2 errors and 1 warning found.</></>
"
`;
