// Jest Snapshot v1, https://goo.gl/fbAQLP

exports[`should dump events for given filename 1`] = `
"dom:load: {
  "source": {
    "data": "<p>Lorem ipsum</p>\\n",
    "filename": "<rootDir>/test-files/parser/simple.html",
    "line": 1,
    "column": 1,
    "offset": 0,
    "originalData": "<p>Lorem ipsum</p>\\n"
  },
  "location": null
}
tag:start: {
  "target": {
    "nodeType": 1,
    "nodeName": "p",
    "location": "<rootDir>/test-files/parser/simple.html:1:2",
    "disabledRules": {},
    "childNodes": [
      {
        "nodeType": 3,
        "nodeName": "#text",
        "location": "<rootDir>/test-files/parser/simple.html:1:4",
        "disabledRules": {},
        "childNodes": [],
        "unique": 2,
        "cache": null,
        "text": "Lorem ipsum"
      }
    ],
    "unique": 1,
    "cache": {},
    "tagName": "p",
    "parent": "[truncated]",
    "attr": {},
    "metaElement": {
      "attributes": {
        "contenteditable": {
          "omit": true,
          "enum": [
            "true",
            "false"
          ]
        },
        "contextmenu": {
          "deprecated": true
        },
        "dir": {
          "enum": [
            "ltr",
            "rtl",
            "auto"
          ]
        },
        "draggable": {
          "enum": [
            "true",
            "false"
          ]
        },
        "hidden": {
          "boolean": true
        },
        "id": {
          "enum": [
            {}
          ]
        },
        "tabindex": {
          "enum": [
            {}
          ]
        },
        "align": {
          "deprecated": true
        }
      },
      "flow": true,
      "implicitClosed": [
        "address",
        "article",
        "aside",
        "blockquote",
        "div",
        "dl",
        "fieldset",
        "footer",
        "form",
        "h1",
        "h2",
        "h3",
        "h4",
        "h5",
        "h6",
        "header",
        "hgroup",
        "hr",
        "main",
        "nav",
        "ol",
        "p",
        "pre",
        "section",
        "table",
        "ul"
      ],
      "permittedContent": [
        "@phrasing"
      ],
      "tagName": "p"
    },
    "closed": 0,
    "voidElement": false,
    "depth": 0,
    "annotation": null
  },
  "location": "<rootDir>/test-files/parser/simple.html:1:1"
}
tag:ready: {
  "target": {
    "nodeType": 1,
    "nodeName": "p",
    "location": "<rootDir>/test-files/parser/simple.html:1:2",
    "disabledRules": {},
    "childNodes": [
      {
        "nodeType": 3,
        "nodeName": "#text",
        "location": "<rootDir>/test-files/parser/simple.html:1:4",
        "disabledRules": {},
        "childNodes": [],
        "unique": 2,
        "cache": null,
        "text": "Lorem ipsum"
      }
    ],
    "unique": 1,
    "cache": {},
    "tagName": "p",
    "parent": "[truncated]",
    "attr": {},
    "metaElement": {
      "attributes": {
        "contenteditable": {
          "omit": true,
          "enum": [
            "true",
            "false"
          ]
        },
        "contextmenu": {
          "deprecated": true
        },
        "dir": {
          "enum": [
            "ltr",
            "rtl",
            "auto"
          ]
        },
        "draggable": {
          "enum": [
            "true",
            "false"
          ]
        },
        "hidden": {
          "boolean": true
        },
        "id": {
          "enum": [
            {}
          ]
        },
        "tabindex": {
          "enum": [
            {}
          ]
        },
        "align": {
          "deprecated": true
        }
      },
      "flow": true,
      "implicitClosed": [
        "address",
        "article",
        "aside",
        "blockquote",
        "div",
        "dl",
        "fieldset",
        "footer",
        "form",
        "h1",
        "h2",
        "h3",
        "h4",
        "h5",
        "h6",
        "header",
        "hgroup",
        "hr",
        "main",
        "nav",
        "ol",
        "p",
        "pre",
        "section",
        "table",
        "ul"
      ],
      "permittedContent": [
        "@phrasing"
      ],
      "tagName": "p"
    },
    "closed": 0,
    "voidElement": false,
    "depth": 0,
    "annotation": null
  },
  "location": "<rootDir>/test-files/parser/simple.html:1:3"
}
tag:end: {
  "target": {
    "nodeType": 1,
    "nodeName": "p",
    "location": "<rootDir>/test-files/parser/simple.html:1:16",
    "disabledRules": {},
    "childNodes": [],
    "unique": 3,
    "cache": null,
    "tagName": "p",
    "parent": "[truncated]",
    "attr": {},
    "metaElement": {
      "attributes": {
        "contenteditable": {
          "omit": true,
          "enum": [
            "true",
            "false"
          ]
        },
        "contextmenu": {
          "deprecated": true
        },
        "dir": {
          "enum": [
            "ltr",
            "rtl",
            "auto"
          ]
        },
        "draggable": {
          "enum": [
            "true",
            "false"
          ]
        },
        "hidden": {
          "boolean": true
        },
        "id": {
          "enum": [
            {}
          ]
        },
        "tabindex": {
          "enum": [
            {}
          ]
        },
        "align": {
          "deprecated": true
        }
      },
      "flow": true,
      "implicitClosed": [
        "address",
        "article",
        "aside",
        "blockquote",
        "div",
        "dl",
        "fieldset",
        "footer",
        "form",
        "h1",
        "h2",
        "h3",
        "h4",
        "h5",
        "h6",
        "header",
        "hgroup",
        "hr",
        "main",
        "nav",
        "ol",
        "p",
        "pre",
        "section",
        "table",
        "ul"
      ],
      "permittedContent": [
        "@phrasing"
      ],
      "tagName": "p"
    },
    "closed": 1,
    "voidElement": false,
    "depth": 0,
    "annotation": null
  },
  "previous": {
    "nodeType": 1,
    "nodeName": "p",
    "location": "<rootDir>/test-files/parser/simple.html:1:2",
    "disabledRules": {},
    "childNodes": [
      {
        "nodeType": 3,
        "nodeName": "#text",
        "location": "<rootDir>/test-files/parser/simple.html:1:4",
        "disabledRules": {},
        "childNodes": [],
        "unique": 2,
        "cache": null,
        "text": "Lorem ipsum"
      }
    ],
    "unique": 1,
    "cache": {},
    "tagName": "p",
    "parent": "[truncated]",
    "attr": {},
    "metaElement": {
      "attributes": {
        "contenteditable": {
          "omit": true,
          "enum": [
            "true",
            "false"
          ]
        },
        "contextmenu": {
          "deprecated": true
        },
        "dir": {
          "enum": [
            "ltr",
            "rtl",
            "auto"
          ]
        },
        "draggable": {
          "enum": [
            "true",
            "false"
          ]
        },
        "hidden": {
          "boolean": true
        },
        "id": {
          "enum": [
            {}
          ]
        },
        "tabindex": {
          "enum": [
            {}
          ]
        },
        "align": {
          "deprecated": true
        }
      },
      "flow": true,
      "implicitClosed": [
        "address",
        "article",
        "aside",
        "blockquote",
        "div",
        "dl",
        "fieldset",
        "footer",
        "form",
        "h1",
        "h2",
        "h3",
        "h4",
        "h5",
        "h6",
        "header",
        "hgroup",
        "hr",
        "main",
        "nav",
        "ol",
        "p",
        "pre",
        "section",
        "table",
        "ul"
      ],
      "permittedContent": [
        "@phrasing"
      ],
      "tagName": "p"
    },
    "closed": 0,
    "voidElement": false,
    "depth": 0,
    "annotation": null
  },
  "location": "<rootDir>/test-files/parser/simple.html:1:18"
}
element:ready: {
  "target": {
    "nodeType": 1,
    "nodeName": "p",
    "location": "<rootDir>/test-files/parser/simple.html:1:2",
    "disabledRules": {},
    "childNodes": [
      {
        "nodeType": 3,
        "nodeName": "#text",
        "location": "<rootDir>/test-files/parser/simple.html:1:4",
        "disabledRules": {},
        "childNodes": [],
        "unique": 2,
        "cache": null,
        "text": "Lorem ipsum"
      }
    ],
    "unique": 1,
    "cache": {},
    "tagName": "p",
    "parent": "[truncated]",
    "attr": {},
    "metaElement": {
      "attributes": {
        "contenteditable": {
          "omit": true,
          "enum": [
            "true",
            "false"
          ]
        },
        "contextmenu": {
          "deprecated": true
        },
        "dir": {
          "enum": [
            "ltr",
            "rtl",
            "auto"
          ]
        },
        "draggable": {
          "enum": [
            "true",
            "false"
          ]
        },
        "hidden": {
          "boolean": true
        },
        "id": {
          "enum": [
            {}
          ]
        },
        "tabindex": {
          "enum": [
            {}
          ]
        },
        "align": {
          "deprecated": true
        }
      },
      "flow": true,
      "implicitClosed": [
        "address",
        "article",
        "aside",
        "blockquote",
        "div",
        "dl",
        "fieldset",
        "footer",
        "form",
        "h1",
        "h2",
        "h3",
        "h4",
        "h5",
        "h6",
        "header",
        "hgroup",
        "hr",
        "main",
        "nav",
        "ol",
        "p",
        "pre",
        "section",
        "table",
        "ul"
      ],
      "permittedContent": [
        "@phrasing"
      ],
      "tagName": "p"
    },
    "closed": 0,
    "voidElement": false,
    "depth": 0,
    "annotation": null
  },
  "location": "<rootDir>/test-files/parser/simple.html:1:2"
}
whitespace: {
  "text": "\\n",
  "location": "<rootDir>/test-files/parser/simple.html:1:19"
}
dom:ready: {
  "document": {
    "root": {
      "nodeType": 9,
      "nodeName": "#document",
      "location": "<rootDir>/test-files/parser/simple.html:1:1",
      "disabledRules": {},
      "childNodes": [
        {
          "nodeType": 1,
          "nodeName": "p",
          "location": "<rootDir>/test-files/parser/simple.html:1:2",
          "disabledRules": {},
          "childNodes": [
            {
              "nodeType": 3,
              "nodeName": "#text",
              "location": "<rootDir>/test-files/parser/simple.html:1:4",
              "disabledRules": {},
              "childNodes": [],
              "unique": 2,
              "cache": null,
              "text": "Lorem ipsum"
            }
          ],
          "unique": 1,
          "cache": {},
          "tagName": "p",
          "parent": "[truncated]",
          "attr": {},
          "metaElement": {
            "attributes": {
              "contenteditable": {
                "omit": true,
                "enum": [
                  "true",
                  "false"
                ]
              },
              "contextmenu": {
                "deprecated": true
              },
              "dir": {
                "enum": [
                  "ltr",
                  "rtl",
                  "auto"
                ]
              },
              "draggable": {
                "enum": [
                  "true",
                  "false"
                ]
              },
              "hidden": {
                "boolean": true
              },
              "id": {
                "enum": [
                  {}
                ]
              },
              "tabindex": {
                "enum": [
                  {}
                ]
              },
              "align": {
                "deprecated": true
              }
            },
            "flow": true,
            "implicitClosed": [
              "address",
              "article",
              "aside",
              "blockquote",
              "div",
              "dl",
              "fieldset",
              "footer",
              "form",
              "h1",
              "h2",
              "h3",
              "h4",
              "h5",
              "h6",
              "header",
              "hgroup",
              "hr",
              "main",
              "nav",
              "ol",
              "p",
              "pre",
              "section",
              "table",
              "ul"
            ],
            "permittedContent": [
              "@phrasing"
            ],
            "tagName": "p"
          },
          "closed": 0,
          "voidElement": false,
          "depth": 0,
          "annotation": null
        },
        {
          "nodeType": 3,
          "nodeName": "#text",
          "location": "<rootDir>/test-files/parser/simple.html:1:19",
          "disabledRules": {},
          "childNodes": [],
          "unique": 4,
          "cache": null,
          "text": "\\n"
        }
      ],
      "unique": 0,
      "cache": null,
      "tagName": "#document",
      "parent": "[truncated]",
      "attr": {},
      "metaElement": null,
      "closed": 1,
      "voidElement": false,
      "depth": 0,
      "annotation": null
    },
    "active": {
      "nodeType": 9,
      "nodeName": "#document",
      "location": "<rootDir>/test-files/parser/simple.html:1:1",
      "disabledRules": {},
      "childNodes": [
        {
          "nodeType": 1,
          "nodeName": "p",
          "location": "<rootDir>/test-files/parser/simple.html:1:2",
          "disabledRules": {},
          "childNodes": [
            {
              "nodeType": 3,
              "nodeName": "#text",
              "location": "<rootDir>/test-files/parser/simple.html:1:4",
              "disabledRules": {},
              "childNodes": [],
              "unique": 2,
              "cache": null,
              "text": "Lorem ipsum"
            }
          ],
          "unique": 1,
          "cache": {},
          "tagName": "p",
          "parent": "[truncated]",
          "attr": {},
          "metaElement": {
            "attributes": {
              "contenteditable": {
                "omit": true,
                "enum": [
                  "true",
                  "false"
                ]
              },
              "contextmenu": {
                "deprecated": true
              },
              "dir": {
                "enum": [
                  "ltr",
                  "rtl",
                  "auto"
                ]
              },
              "draggable": {
                "enum": [
                  "true",
                  "false"
                ]
              },
              "hidden": {
                "boolean": true
              },
              "id": {
                "enum": [
                  {}
                ]
              },
              "tabindex": {
                "enum": [
                  {}
                ]
              },
              "align": {
                "deprecated": true
              }
            },
            "flow": true,
            "implicitClosed": [
              "address",
              "article",
              "aside",
              "blockquote",
              "div",
              "dl",
              "fieldset",
              "footer",
              "form",
              "h1",
              "h2",
              "h3",
              "h4",
              "h5",
              "h6",
              "header",
              "hgroup",
              "hr",
              "main",
              "nav",
              "ol",
              "p",
              "pre",
              "section",
              "table",
              "ul"
            ],
            "permittedContent": [
              "@phrasing"
            ],
            "tagName": "p"
          },
          "closed": 0,
          "voidElement": false,
          "depth": 0,
          "annotation": null
        },
        {
          "nodeType": 3,
          "nodeName": "#text",
          "location": "<rootDir>/test-files/parser/simple.html:1:19",
          "disabledRules": {},
          "childNodes": [],
          "unique": 4,
          "cache": null,
          "text": "\\n"
        }
      ],
      "unique": 0,
      "cache": null,
      "tagName": "#document",
      "parent": "[truncated]",
      "attr": {},
      "metaElement": null,
      "closed": 1,
      "voidElement": false,
      "depth": 0,
      "annotation": null
    },
    "doctype": null
  },
  "source": {
    "data": "<p>Lorem ipsum</p>\\n",
    "filename": "<rootDir>/test-files/parser/simple.html",
    "line": 1,
    "column": 1,
    "offset": 0,
    "originalData": "<p>Lorem ipsum</p>\\n"
  },
  "location": null
}
"
`;
