// Jest Snapshot v1, https://jestjs.io/docs/snapshot-testing

exports[`docs/guide/metadata/inheritance.md inline validation: inheritance 1`] = `
[
  {
    "errorCount": 1,
    "filePath": "inline",
    "messages": [
      {
        "column": 4,
        "context": {
          "child": "<div>",
          "kind": "content",
          "parent": "<my-component>",
        },
        "line": 5,
        "message": "<div> element is not permitted as content under <my-component>",
        "offset": 76,
        "ruleId": "element-permitted-content",
        "ruleUrl": "https://html-validate.org/rules/element-permitted-content.html",
        "selector": "my-component:nth-child(2) > div",
        "severity": 2,
        "size": 3,
      },
    ],
    "source": "<my-component>
  <span>lorem ipsum</span>
</my-component>
<my-component>
  <div>lorem ipsum</div>
</my-component>",
    "warningCount": 0,
  },
]
`;
