// Jest Snapshot v1, https://jestjs.io/docs/snapshot-testing

exports[`docs/usage/index.md inline validation: directive-commend 1`] = `[]`;

exports[`docs/usage/index.md inline validation: disable-block-button-type 1`] = `
[
  {
    "errorCount": 2,
    "filePath": "inline",
    "messages": [
      {
        "column": 17,
        "context": {
          "allowed": {
            "enum": [
              "submit",
              "reset",
              "button",
            ],
          },
          "attribute": "type",
          "element": "button",
          "value": "foo",
        },
        "line": 2,
        "message": "Attribute "type" has invalid value "foo"",
        "offset": 22,
        "ruleId": "attribute-allowed-values",
        "ruleUrl": "https://html-validate.org/rules/attribute-allowed-values.html",
        "selector": "div > button:nth-child(1)",
        "severity": 2,
        "size": 3,
      },
      {
        "column": 15,
        "context": {
          "allowed": {
            "enum": [
              "submit",
              "reset",
              "button",
            ],
          },
          "attribute": "type",
          "element": "button",
          "value": "spam",
        },
        "line": 7,
        "message": "Attribute "type" has invalid value "spam"",
        "offset": 283,
        "ruleId": "attribute-allowed-values",
        "ruleUrl": "https://html-validate.org/rules/attribute-allowed-values.html",
        "selector": "button",
        "severity": 2,
        "size": 4,
      },
    ],
    "source": "<div>
  <button type="foo">Invalid button</button>
  <!-- [html-validate-disable-block attribute-allowed-values -- will be disabled until the parent div is closed] -->
  <button type="bar">Invalid but ignored</button>
  <button type="baz">Still ignored</button>
</div>
<button type="spam">Another invalid</button>",
    "warningCount": 0,
  },
]
`;

exports[`docs/usage/index.md inline validation: disable-next-deprecated 1`] = `
[
  {
    "errorCount": 1,
    "filePath": "inline",
    "messages": [
      {
        "column": 2,
        "context": {
          "documentation": "\`<blink>\` has no direct replacement and blinking text is frowned upon by accessibility standards.",
          "source": "non-standard",
          "tagName": "blink",
        },
        "line": 3,
        "message": "<blink> is deprecated",
        "offset": 145,
        "ruleId": "deprecated",
        "ruleUrl": "https://html-validate.org/rules/deprecated.html",
        "selector": "blink:nth-child(2)",
        "severity": 2,
        "size": 5,
      },
    ],
    "source": "<!-- [html-validate-disable-next deprecated -- the next occurrence will not trigger an error] -->
<blink>This will not trigger an error</blink>
<blink>But this line will</blink>",
    "warningCount": 0,
  },
]
`;
