// Jest Snapshot v1, https://jestjs.io/docs/snapshot-testing

exports[`docs/rules/aria-label-misuse.md inline validation: any-namable 1`] = `[]`;

exports[`docs/rules/aria-label-misuse.md inline validation: correct 1`] = `[]`;

exports[`docs/rules/aria-label-misuse.md inline validation: incorrect 1`] = `
[
  {
    "errorCount": 1,
    "filePath": "inline",
    "messages": [
      {
        "column": 22,
        "context": {
          "attr": "aria-label",
        },
        "line": 1,
        "message": ""aria-label" cannot be used on this element",
        "offset": 21,
        "ruleId": "aria-label-misuse",
        "ruleUrl": "https://html-validate.org/rules/aria-label-misuse.html",
        "selector": "input",
        "severity": 2,
        "size": 10,
      },
    ],
    "source": "<input type="hidden" aria-label="foobar">",
    "warningCount": 0,
  },
]
`;
