// Jest Snapshot v1, https://jestjs.io/docs/snapshot-testing

exports[`docs/rules/attr-quotes.md inline validation: correct 1`] = `[]`;

exports[`docs/rules/attr-quotes.md inline validation: incorrect 1`] = `
[
  {
    "errorCount": 1,
    "filePath": "inline",
    "messages": [
      {
        "column": 4,
        "context": {
          "actual": "'",
          "attr": "class",
          "error": "style",
          "expected": """,
        },
        "line": 1,
        "message": "Attribute "class" used ' instead of expected "",
        "offset": 3,
        "ruleId": "attr-quotes",
        "ruleUrl": "https://html-validate.org/rules/attr-quotes.html",
        "selector": "p",
        "severity": 2,
        "size": 11,
      },
    ],
    "source": "<p class='foo'></p>",
    "warningCount": 0,
  },
]
`;
