// Jest Snapshot v1, https://jestjs.io/docs/snapshot-testing

exports[`docs/rules/attr-delimiter.md inline validation: correct 1`] = `[]`;

exports[`docs/rules/attr-delimiter.md inline validation: incorrect 1`] = `
[
  {
    "errorCount": 2,
    "filePath": "inline",
    "messages": [
      {
        "column": 12,
        "line": 1,
        "message": "Attribute value must not be delimited by whitespace",
        "offset": 11,
        "ruleId": "attr-delimiter",
        "ruleUrl": "https://html-validate.org/rules/attr-delimiter.html",
        "selector": null,
        "severity": 2,
        "size": 2,
      },
      {
        "column": 12,
        "line": 2,
        "message": "Attribute value must not be delimited by whitespace",
        "offset": 36,
        "ruleId": "attr-delimiter",
        "ruleUrl": "https://html-validate.org/rules/attr-delimiter.html",
        "selector": null,
        "severity": 2,
        "size": 2,
      },
    ],
    "source": "<input name= "my-field">
<input name ="my-field">",
    "warningCount": 0,
  },
]
`;
