// Jest Snapshot v1, https://goo.gl/fbAQLP

exports[`docs/rules/attr-pattern.md inline validation: correct 1`] = `[]`;

exports[`docs/rules/attr-pattern.md inline validation: incorrect 1`] = `
[
  {
    "errorCount": 1,
    "filePath": "inline",
    "messages": [
      {
        "column": 4,
        "context": {
          "attr": "foo_bar",
          "pattern": "[a-z0-9-:]+",
        },
        "line": 1,
        "message": "Attribute "foo_bar" should match /[a-z0-9-:]+/",
        "offset": 3,
        "ruleId": "attr-pattern",
        "ruleUrl": "https://html-validate.org/rules/attr-pattern.html",
        "selector": "p",
        "severity": 2,
        "size": 7,
      },
    ],
    "source": "<p foo_bar="baz"></p>",
    "warningCount": 0,
  },
]
`;

exports[`docs/rules/attr-pattern.md inline validation: multiple 1`] = `[]`;
