// Jest Snapshot v1, https://jestjs.io/docs/snapshot-testing

exports[`docs/rules/attr-spacing.md inline validation: correct 1`] = `[]`;

exports[`docs/rules/attr-spacing.md inline validation: incorrect 1`] = `
[
  {
    "errorCount": 1,
    "filePath": "inline",
    "messages": [
      {
        "column": 21,
        "line": 1,
        "message": "No space between attributes",
        "offset": 20,
        "ruleId": "attr-spacing",
        "ruleUrl": "https://html-validate.org/rules/attr-spacing.html",
        "selector": null,
        "severity": 2,
        "size": 5,
      },
    ],
    "source": "<input type="submit"class="foo">",
    "warningCount": 0,
  },
]
`;
