// Jest Snapshot v1, https://goo.gl/fbAQLP

exports[`docs/rules/attribute-allowed-values.md inline validation: correct 1`] = `Array []`;

exports[`docs/rules/attribute-allowed-values.md inline validation: incorrect 1`] = `
Array [
  Object {
    "errorCount": 1,
    "filePath": "inline",
    "messages": Array [
      Object {
        "column": 14,
        "context": Object {
          "allowed": Array [
            "button",
            "checkbox",
            "color",
            "date",
            "datetime-local",
            "email",
            "file",
            "hidden",
            "image",
            "month",
            "number",
            "password",
            "radio",
            "range",
            "reset",
            "search",
            "submit",
            "tel",
            "text",
            "time",
            "url",
            "week",
          ],
          "attribute": "type",
          "element": "input",
          "value": "foobar",
        },
        "line": 1,
        "message": "Attribute \\"type\\" has invalid value \\"foobar\\"",
        "offset": 13,
        "ruleId": "attribute-allowed-values",
        "selector": "input",
        "severity": 2,
        "size": 6,
      },
    ],
    "source": "<input type=\\"foobar\\">",
    "warningCount": 0,
  },
]
`;
