// Jest Snapshot v1, https://jestjs.io/docs/snapshot-testing

exports[`docs/rules/autocomplete-password.md inline validation: correct 1`] = `[]`;

exports[`docs/rules/autocomplete-password.md inline validation: correct-preferred 1`] = `[]`;

exports[`docs/rules/autocomplete-password.md inline validation: incorrect 1`] = `
[
  {
    "errorCount": 2,
    "filePath": "inline",
    "messages": [
      {
        "column": 2,
        "context": {
          "kind": "missing",
        },
        "line": 1,
        "message": "<input type="password"> is missing required "autocomplete" attribute",
        "offset": 1,
        "ruleId": "autocomplete-password",
        "ruleUrl": "https://html-validate.org/rules/autocomplete-password.html",
        "selector": "input:nth-child(1)",
        "severity": 2,
        "size": 5,
      },
      {
        "column": 38,
        "context": {
          "kind": "off",
        },
        "line": 2,
        "message": "<input type="password"> should not use autocomplete="off"",
        "offset": 61,
        "ruleId": "autocomplete-password",
        "ruleUrl": "https://html-validate.org/rules/autocomplete-password.html",
        "selector": "input:nth-child(2)",
        "severity": 2,
        "size": 3,
      },
    ],
    "source": "<input type="password">
<input type="password" autocomplete="off">",
    "warningCount": 0,
  },
]
`;

exports[`docs/rules/autocomplete-password.md inline validation: incorrect-preferred 1`] = `
[
  {
    "errorCount": 1,
    "filePath": "inline",
    "messages": [
      {
        "column": 38,
        "context": {
          "kind": "preferred-mismatch",
          "preferred": "new-password",
          "value": "current-password",
        },
        "line": 1,
        "message": "<input type="password"> should use autocomplete="new-password"",
        "offset": 37,
        "ruleId": "autocomplete-password",
        "ruleUrl": "https://html-validate.org/rules/autocomplete-password.html",
        "selector": "input",
        "severity": 2,
        "size": 16,
      },
    ],
    "source": "<input type="password" autocomplete="current-password">",
    "warningCount": 0,
  },
]
`;
