// Jest Snapshot v1, https://jestjs.io/docs/snapshot-testing

exports[`docs/rules/close-attr.md inline validation: correct 1`] = `[]`;

exports[`docs/rules/close-attr.md inline validation: incorrect 1`] = `
[
  {
    "errorCount": 1,
    "filePath": "inline",
    "messages": [
      {
        "column": 12,
        "line": 1,
        "message": "Close tags cannot have attributes",
        "offset": 11,
        "ruleId": "close-attr",
        "ruleUrl": "https://html-validate.org/rules/close-attr.html",
        "selector": null,
        "severity": 2,
        "size": 2,
      },
    ],
    "source": "<div></div id="foo">",
    "warningCount": 0,
  },
]
`;
