// Jest Snapshot v1, https://jestjs.io/docs/snapshot-testing

exports[`docs/rules/doctype-style.md inline validation: correct 1`] = `[]`;

exports[`docs/rules/doctype-style.md inline validation: incorrect 1`] = `
[
  {
    "errorCount": 1,
    "filePath": "inline",
    "messages": [
      {
        "column": 1,
        "context": {
          "style": "uppercase",
        },
        "line": 1,
        "message": "DOCTYPE should be uppercase",
        "offset": 0,
        "ruleId": "doctype-style",
        "ruleUrl": "https://html-validate.org/rules/doctype-style.html",
        "selector": null,
        "severity": 2,
        "size": 10,
      },
    ],
    "source": "<!Doctype html>",
    "warningCount": 0,
  },
]
`;
