// Jest Snapshot v1, https://jestjs.io/docs/snapshot-testing

exports[`docs/rules/element-required-ancestor.md inline validation: correct 1`] = `[]`;

exports[`docs/rules/element-required-ancestor.md inline validation: incorrect 1`] = `
[
  {
    "errorCount": 1,
    "filePath": "inline",
    "messages": [
      {
        "column": 2,
        "context": {
          "ancestor": [
            "<map>",
            "<template>",
          ],
          "child": "<area>",
        },
        "line": 1,
        "message": "<area> element requires a <map> or <template> ancestor",
        "offset": 1,
        "ruleId": "element-required-ancestor",
        "ruleUrl": "https://html-validate.org/rules/element-required-ancestor.html",
        "selector": "area",
        "severity": 2,
        "size": 4,
      },
    ],
    "source": "<area>",
    "warningCount": 0,
  },
]
`;
