// Jest Snapshot v1, https://jestjs.io/docs/snapshot-testing

exports[`docs/rules/element-name.md inline validation: correct 1`] = `[]`;

exports[`docs/rules/element-name.md inline validation: incorrect 1`] = `
[
  {
    "errorCount": 1,
    "filePath": "inline",
    "messages": [
      {
        "column": 2,
        "context": {
          "blacklist": [],
          "pattern": "^[a-z][a-z0-9\\-._]*-[a-z0-9\\-._]*$",
          "tagName": "foobar",
        },
        "line": 1,
        "message": "<foobar> is not a valid element name",
        "offset": 1,
        "ruleId": "element-name",
        "ruleUrl": "https://html-validate.org/rules/element-name.html",
        "selector": "foobar",
        "severity": 2,
        "size": 6,
      },
    ],
    "source": "<foobar></foobar>",
    "warningCount": 0,
  },
]
`;
