// Jest Snapshot v1, https://jestjs.io/docs/snapshot-testing

exports[`docs/rules/element-permitted-order.md inline validation: correct 1`] = `[]`;

exports[`docs/rules/element-permitted-order.md inline validation: incorrect 1`] = `
[
  {
    "errorCount": 1,
    "filePath": "inline",
    "messages": [
      {
        "column": 6,
        "line": 4,
        "message": "Element <caption> must be used before <thead> in this context",
        "offset": 82,
        "ruleId": "element-permitted-order",
        "ruleUrl": "https://html-validate.org/rules/element-permitted-order.html",
        "selector": "table > caption",
        "severity": 2,
        "size": 7,
      },
    ],
    "source": "<!-- table caption must be used before thead -->
<table>
    <thead></thead>
    <caption></caption>
</div>",
    "warningCount": 0,
  },
]
`;
