// Jest Snapshot v1, https://goo.gl/fbAQLP

exports[`docs/rules/element-name.md inline validation: correct 1`] = `Array []`;

exports[`docs/rules/element-name.md inline validation: incorrect 1`] = `
Array [
  Object {
    "errorCount": 1,
    "filePath": "inline",
    "messages": Array [
      Object {
        "column": 2,
        "context": Object {
          "blacklist": Array [],
          "pattern": "^[a-z][a-z0-9\\\\-._]*-[a-z0-9\\\\-._]*$",
          "tagName": "foobar",
        },
        "line": 1,
        "message": "<foobar> is not a valid element name",
        "offset": 1,
        "ruleId": "element-name",
        "selector": "foobar",
        "severity": 2,
        "size": 6,
      },
    ],
    "source": "<foobar></foobar>",
    "warningCount": 0,
  },
]
`;
