// Jest Snapshot v1, https://jestjs.io/docs/snapshot-testing

exports[`docs/rules/element-permitted-parent.md inline validation: correct 1`] = `[]`;

exports[`docs/rules/element-permitted-parent.md inline validation: incorrect 1`] = `
[
  {
    "errorCount": 1,
    "filePath": "inline",
    "messages": [
      {
        "column": 6,
        "context": {
          "child": "<title>",
          "parent": "<div>",
          "rules": [
            "head",
          ],
        },
        "line": 2,
        "message": "<title> element requires a <head> element as parent",
        "offset": 11,
        "ruleId": "element-permitted-parent",
        "ruleUrl": "https://html-validate.org/rules/element-permitted-parent.html",
        "selector": "div > title",
        "severity": 2,
        "size": 5,
      },
    ],
    "source": "<div>
    <title>Lorem ipsum</title>
</div>",
    "warningCount": 0,
  },
]
`;
