// Jest Snapshot v1, https://goo.gl/fbAQLP

exports[`docs/rules/element-permitted-content.md inline validation: correct 1`] = `[]`;

exports[`docs/rules/element-permitted-content.md inline validation: incorrect 1`] = `
[
  {
    "errorCount": 1,
    "filePath": "inline",
    "messages": [
      {
        "column": 6,
        "context": undefined,
        "line": 3,
        "message": "Element <li> is not permitted as content in <div>",
        "offset": 69,
        "ruleId": "element-permitted-content",
        "ruleUrl": "https://html-validate.org/rules/element-permitted-content.html",
        "selector": "div > li",
        "severity": 2,
        "size": 2,
      },
    ],
    "source": "<!-- <li> is only allowed with <ul> or <ol> as parent -->
<div>
    <li>foo</li>
</div>",
    "warningCount": 0,
  },
]
`;
