// Jest Snapshot v1, https://jestjs.io/docs/snapshot-testing

exports[`docs/rules/element-required-content.md inline validation: correct 1`] = `[]`;

exports[`docs/rules/element-required-content.md inline validation: incorrect 1`] = `
[
  {
    "errorCount": 2,
    "filePath": "inline",
    "messages": [
      {
        "column": 2,
        "context": {
          "element": "<html>",
          "missing": "<body>",
        },
        "line": 1,
        "message": "<html> element must have <body> as content",
        "offset": 1,
        "ruleId": "element-required-content",
        "ruleUrl": "https://html-validate.org/rules/element-required-content.html",
        "selector": "html",
        "severity": 2,
        "size": 4,
      },
      {
        "column": 6,
        "context": {
          "element": "<head>",
          "missing": "<title>",
        },
        "line": 2,
        "message": "<head> element must have <title> as content",
        "offset": 12,
        "ruleId": "element-required-content",
        "ruleUrl": "https://html-validate.org/rules/element-required-content.html",
        "selector": "html > head",
        "severity": 2,
        "size": 4,
      },
    ],
    "source": "<html>
    <head>
    </head>
</html>",
    "warningCount": 0,
  },
]
`;
