// Jest Snapshot v1, https://goo.gl/fbAQLP

exports[`docs/rules/element-required-content.md inline validation: correct 1`] = `Array []`;

exports[`docs/rules/element-required-content.md inline validation: incorrect 1`] = `
Array [
  Object {
    "errorCount": 2,
    "filePath": "inline",
    "messages": Array [
      Object {
        "column": 2,
        "context": Object {
          "missing": "head",
          "node": "html",
        },
        "line": 1,
        "message": "<html> element must have <head> as content",
        "offset": 1,
        "ruleId": "element-required-content",
        "severity": 2,
        "size": 4,
      },
      Object {
        "column": 2,
        "context": Object {
          "missing": "body",
          "node": "html",
        },
        "line": 1,
        "message": "<html> element must have <body> as content",
        "offset": 1,
        "ruleId": "element-required-content",
        "severity": 2,
        "size": 4,
      },
    ],
    "source": "<html>
</html>",
    "warningCount": 0,
  },
]
`;
