// Jest Snapshot v1, https://goo.gl/fbAQLP

exports[`docs/rules/element-permitted-parent.md inline validation: correct 1`] = `[]`;

exports[`docs/rules/element-permitted-parent.md inline validation: incorrect 1`] = `
[
  {
    "errorCount": 1,
    "filePath": "inline",
    "messages": [
      {
        "column": 2,
        "context": {
          "child": "<title>",
          "parent": "<div>",
        },
        "line": 2,
        "message": "<div> element is not permitted as parent of <title>",
        "offset": 45,
        "ruleId": "element-permitted-parent",
        "ruleUrl": "https://html-validate.org/rules/element-permitted-parent.html",
        "selector": "div",
        "severity": 2,
        "size": 3,
      },
    ],
    "source": "<!-- <title> must have <head> as parent -->
<div>
    <title>Lorem ipsum</title>
</div>",
    "warningCount": 0,
  },
]
`;
