// Jest Snapshot v1, https://jestjs.io/docs/snapshot-testing

exports[`docs/rules/input-attributes.md inline validation: correct 1`] = `[]`;

exports[`docs/rules/input-attributes.md inline validation: incorrect 1`] = `
[
  {
    "errorCount": 1,
    "filePath": "inline",
    "messages": [
      {
        "column": 20,
        "context": {
          "attribute": "step",
          "type": "text",
        },
        "line": 1,
        "message": "Attribute "step" is not allowed on <input type="text">",
        "offset": 19,
        "ruleId": "input-attributes",
        "ruleUrl": "https://html-validate.org/rules/input-attributes.html",
        "selector": "input",
        "severity": 2,
        "size": 4,
      },
    ],
    "source": "<input type="text" step="5">",
    "warningCount": 0,
  },
]
`;
