// Jest Snapshot v1, https://goo.gl/fbAQLP

exports[`docs/rules/input-missing-label.md inline validation: correct 1`] = `Array []`;

exports[`docs/rules/input-missing-label.md inline validation: hidden 1`] = `
Array [
  Object {
    "errorCount": 1,
    "filePath": "inline",
    "messages": Array [
      Object {
        "column": 2,
        "context": undefined,
        "line": 2,
        "message": "<input> element has label but <label> element is hidden",
        "offset": 59,
        "ruleId": "input-missing-label",
        "ruleUrl": "https://html-validate.org/rules/input-missing-label.html",
        "selector": "#my-input",
        "severity": 2,
        "size": 5,
      },
    ],
    "source": "<label for=\\"my-input\\" aria-hidden=\\"true\\">My field</label>
<input id=\\"my-input\\" type=\\"text\\">",
    "warningCount": 0,
  },
]
`;

exports[`docs/rules/input-missing-label.md inline validation: incorrect 1`] = `
Array [
  Object {
    "errorCount": 4,
    "filePath": "inline",
    "messages": Array [
      Object {
        "column": 6,
        "context": undefined,
        "line": 4,
        "message": "<input> element does not have a <label>",
        "offset": 74,
        "ruleId": "input-missing-label",
        "ruleUrl": "https://html-validate.org/rules/input-missing-label.html",
        "selector": "div:nth-child(1) > input",
        "severity": 2,
        "size": 5,
      },
      Object {
        "column": 6,
        "context": undefined,
        "line": 5,
        "message": "<textarea> element does not have a <label>",
        "offset": 98,
        "ruleId": "input-missing-label",
        "ruleUrl": "https://html-validate.org/rules/input-missing-label.html",
        "selector": "div:nth-child(1) > textarea",
        "severity": 2,
        "size": 8,
      },
      Object {
        "column": 6,
        "context": undefined,
        "line": 6,
        "message": "<select> element does not have a <label>",
        "offset": 124,
        "ruleId": "input-missing-label",
        "ruleUrl": "https://html-validate.org/rules/input-missing-label.html",
        "selector": "div:nth-child(1) > select",
        "severity": 2,
        "size": 6,
      },
      Object {
        "column": 6,
        "context": undefined,
        "line": 14,
        "message": "<input> element does not have a <label>",
        "offset": 253,
        "ruleId": "input-missing-label",
        "ruleUrl": "https://html-validate.org/rules/input-missing-label.html",
        "selector": "div:nth-child(2) > input",
        "severity": 2,
        "size": 5,
      },
    ],
    "source": "<!-- no label element at all -->
<div>
    <strong>My field</strong>
    <input type=\\"text\\">
    <textarea></textarea>
    <select>
        <option>Option</option>
    </select>
</div>

<!-- unassociated label -->
<div>
    <label>My field</label>
    <input type=\\"text\\">
</div>",
    "warningCount": 0,
  },
]
`;
