// Jest Snapshot v1, https://jestjs.io/docs/snapshot-testing

exports[`docs/rules/long-title.md inline validation: correct 1`] = `[]`;

exports[`docs/rules/long-title.md inline validation: incorrect 1`] = `
[
  {
    "errorCount": 1,
    "filePath": "inline",
    "messages": [
      {
        "column": 142,
        "line": 2,
        "message": "title text cannot be longer than 70 characters",
        "offset": 148,
        "ruleId": "long-title",
        "ruleUrl": "https://html-validate.org/rules/long-title.html",
        "selector": "head > title",
        "severity": 2,
        "size": 1,
      },
    ],
    "source": "<head>
    <title>Lorem ipsum dolor sit amet, consectetur adipiscing elit, sed do eiusmod tempor incididunt ut labore et dolore magna aliqua.</title>
</head>",
    "warningCount": 0,
  },
]
`;
