// Jest Snapshot v1, https://goo.gl/fbAQLP

exports[`docs/rules/missing-doctype.md inline validation: correct 1`] = `Array []`;

exports[`docs/rules/missing-doctype.md inline validation: incorrect 1`] = `
Array [
  Object {
    "errorCount": 1,
    "filePath": "inline",
    "messages": Array [
      Object {
        "column": 1,
        "line": 1,
        "message": "Document is missing doctype",
        "offset": 0,
        "ruleId": "missing-doctype",
        "severity": 2,
      },
    ],
    "warningCount": 0,
  },
]
`;
