// Jest Snapshot v1, https://jestjs.io/docs/snapshot-testing

exports[`docs/rules/missing-doctype.md inline validation: correct 1`] = `[]`;

exports[`docs/rules/missing-doctype.md inline validation: incorrect 1`] = `
[
  {
    "errorCount": 1,
    "filePath": "inline",
    "messages": [
      {
        "column": 1,
        "line": 1,
        "message": "Document is missing doctype",
        "offset": 0,
        "ruleId": "missing-doctype",
        "ruleUrl": "https://html-validate.org/rules/missing-doctype.html",
        "selector": null,
        "severity": 2,
        "size": 0,
      },
    ],
    "source": "<html>
    <body>...</body>
</html>",
    "warningCount": 0,
  },
]
`;
