// Jest Snapshot v1, https://goo.gl/fbAQLP

exports[`docs/rules/no-conditional-comment.md inline validation: incorrect 1`] = `
Array [
  Object {
    "errorCount": 4,
    "filePath": "inline",
    "messages": Array [
      Object {
        "column": 1,
        "context": undefined,
        "line": 1,
        "message": "Use of conditional comments are deprecated",
        "offset": 0,
        "ruleId": "no-conditional-comment",
        "selector": null,
        "severity": 2,
        "size": 12,
      },
      Object {
        "column": 1,
        "context": undefined,
        "line": 3,
        "message": "Use of conditional comments are deprecated",
        "offset": 53,
        "ruleId": "no-conditional-comment",
        "selector": null,
        "severity": 2,
        "size": 12,
      },
      Object {
        "column": 1,
        "context": undefined,
        "line": 5,
        "message": "Use of conditional comments are deprecated",
        "offset": 67,
        "ruleId": "no-conditional-comment",
        "selector": null,
        "severity": 2,
        "size": 11,
      },
      Object {
        "column": 1,
        "context": undefined,
        "line": 7,
        "message": "Use of conditional comments are deprecated",
        "offset": 123,
        "ruleId": "no-conditional-comment",
        "selector": null,
        "severity": 2,
        "size": 10,
      },
    ],
    "source": "<!--[if IE]>
<p>You are using Internet Explorer.</p>
<![endif]-->

<![if !IE]>
<p>You are not using Internet Explorer.</p>
<![endif]>",
    "warningCount": 0,
  },
]
`;
