// Jest Snapshot v1, https://jestjs.io/docs/snapshot-testing

exports[`docs/rules/no-dup-id.md inline validation: correct 1`] = `[]`;

exports[`docs/rules/no-dup-id.md inline validation: incorrect 1`] = `
[
  {
    "errorCount": 1,
    "filePath": "inline",
    "messages": [
      {
        "column": 10,
        "line": 2,
        "message": "Duplicate ID "foo"",
        "offset": 30,
        "ruleId": "no-dup-id",
        "ruleUrl": "https://html-validate.org/rules/no-dup-id.html",
        "selector": "div:nth-child(2)",
        "severity": 2,
        "size": 3,
      },
    ],
    "source": "<div id="foo"></div>
<div id="foo"></div>",
    "warningCount": 0,
  },
]
`;
