// Jest Snapshot v1, https://jestjs.io/docs/snapshot-testing

exports[`docs/rules/no-deprecated-attr.md inline validation: correct 1`] = `[]`;

exports[`docs/rules/no-deprecated-attr.md inline validation: incorrect 1`] = `
[
  {
    "errorCount": 1,
    "filePath": "inline",
    "messages": [
      {
        "column": 7,
        "line": 1,
        "message": "Attribute "bgcolor" is deprecated on <body> element",
        "offset": 6,
        "ruleId": "no-deprecated-attr",
        "ruleUrl": "https://html-validate.org/rules/no-deprecated-attr.html",
        "selector": "body",
        "severity": 2,
        "size": 7,
      },
    ],
    "source": "<body bgcolor="red"></body>",
    "warningCount": 0,
  },
]
`;
