// Jest Snapshot v1, https://jestjs.io/docs/snapshot-testing

exports[`docs/rules/no-missing-references.md inline validation: correct 1`] = `[]`;

exports[`docs/rules/no-missing-references.md inline validation: incorrect 1`] = `
[
  {
    "errorCount": 4,
    "filePath": "inline",
    "messages": [
      {
        "column": 13,
        "context": {
          "key": "for",
          "value": "missing-input",
        },
        "line": 1,
        "message": "Element references missing id "missing-input"",
        "offset": 12,
        "ruleId": "no-missing-references",
        "ruleUrl": "https://html-validate.org/rules/no-missing-references.html",
        "selector": "label",
        "severity": 2,
        "size": 13,
      },
      {
        "column": 23,
        "context": {
          "key": "aria-labelledby",
          "value": "missing-text",
        },
        "line": 2,
        "message": "Element references missing id "missing-text"",
        "offset": 58,
        "ruleId": "no-missing-references",
        "ruleUrl": "https://html-validate.org/rules/no-missing-references.html",
        "selector": "div:nth-child(2)",
        "severity": 2,
        "size": 12,
      },
      {
        "column": 24,
        "context": {
          "key": "aria-describedby",
          "value": "missing-text",
        },
        "line": 3,
        "message": "Element references missing id "missing-text"",
        "offset": 102,
        "ruleId": "no-missing-references",
        "ruleUrl": "https://html-validate.org/rules/no-missing-references.html",
        "selector": "div:nth-child(3)",
        "severity": 2,
        "size": 12,
      },
      {
        "column": 37,
        "context": {
          "key": "aria-describedby",
          "value": "another-missing",
        },
        "line": 3,
        "message": "Element references missing id "another-missing"",
        "offset": 115,
        "ruleId": "no-missing-references",
        "ruleUrl": "https://html-validate.org/rules/no-missing-references.html",
        "selector": "div:nth-child(3)",
        "severity": 2,
        "size": 15,
      },
    ],
    "source": "<label for="missing-input"></label>
<div aria-labelledby="missing-text"></div>
<div aria-describedby="missing-text another-missing"></div>",
    "warningCount": 0,
  },
]
`;
