// Jest Snapshot v1, https://jestjs.io/docs/snapshot-testing

exports[`docs/rules/no-raw-characters.md inline validation: correct 1`] = `[]`;

exports[`docs/rules/no-raw-characters.md inline validation: incorrect 1`] = `
[
  {
    "errorCount": 2,
    "filePath": "inline",
    "messages": [
      {
        "column": 9,
        "line": 1,
        "message": "Raw "&" must be encoded as "&amp;"",
        "offset": 8,
        "ruleId": "no-raw-characters",
        "ruleUrl": "https://html-validate.org/rules/no-raw-characters.html",
        "selector": "p:nth-child(1)",
        "severity": 2,
        "size": 1,
      },
      {
        "column": 13,
        "line": 2,
        "message": "Raw "'" must be encoded as "&apos;"",
        "offset": 33,
        "ruleId": "no-raw-characters",
        "ruleUrl": "https://html-validate.org/rules/no-raw-characters.html",
        "selector": "p:nth-child(2)",
        "severity": 2,
        "size": 1,
      },
    ],
    "source": "<p>Fred & Barney</p>
<p class=foo's></p>",
    "warningCount": 0,
  },
]
`;

exports[`docs/rules/no-raw-characters.md inline validation: malformed 1`] = `
[
  {
    "errorCount": 1,
    "filePath": "inline",
    "messages": [
      {
        "column": 18,
        "line": 1,
        "message": "failed to tokenize "</p>", expected attribute, ">" or "/>".",
        "offset": 17,
        "ruleId": "parser-error",
        "selector": null,
        "severity": 2,
        "size": 1,
      },
    ],
    "source": "<p>Fred <3 Barney</p>",
    "warningCount": 0,
  },
]
`;

exports[`docs/rules/no-raw-characters.md inline validation: relaxed 1`] = `[]`;
