// Jest Snapshot v1, https://jestjs.io/docs/snapshot-testing

exports[`docs/rules/no-trailing-whitespace.md inline validation: correct 1`] = `[]`;

exports[`docs/rules/no-trailing-whitespace.md inline validation: incorrect 1`] = `
[
  {
    "errorCount": 1,
    "filePath": "inline",
    "messages": [
      {
        "column": 19,
        "line": 1,
        "message": "Trailing whitespace",
        "offset": 18,
        "ruleId": "no-trailing-whitespace",
        "ruleUrl": "https://html-validate.org/rules/no-trailing-whitespace.html",
        "selector": null,
        "severity": 2,
        "size": 3,
      },
    ],
    "source": "<p>lorem ipsum</p>  
<p>dolor sit amet</p>",
    "warningCount": 0,
  },
]
`;
