// Jest Snapshot v1, https://jestjs.io/docs/snapshot-testing

exports[`docs/rules/no-unknown-elements.md inline validation: correct 1`] = `[]`;

exports[`docs/rules/no-unknown-elements.md inline validation: incorrect 1`] = `
[
  {
    "errorCount": 1,
    "filePath": "inline",
    "messages": [
      {
        "column": 1,
        "context": "custom-element",
        "line": 1,
        "message": "Unknown element <custom-element>",
        "offset": 0,
        "ruleId": "no-unknown-elements",
        "ruleUrl": "https://html-validate.org/rules/no-unknown-elements.html",
        "selector": "custom-element",
        "severity": 2,
        "size": 15,
      },
    ],
    "source": "<custom-element></custom-element>",
    "warningCount": 0,
  },
]
`;
