// Jest Snapshot v1, https://jestjs.io/docs/snapshot-testing

exports[`docs/rules/prefer-button.md inline validation: correct 1`] = `[]`;

exports[`docs/rules/prefer-button.md inline validation: incorrect 1`] = `
[
  {
    "errorCount": 1,
    "filePath": "inline",
    "messages": [
      {
        "column": 14,
        "context": {
          "type": "button",
        },
        "line": 1,
        "message": "Prefer to use <button> instead of <input type="button"> when adding buttons",
        "offset": 13,
        "ruleId": "prefer-button",
        "ruleUrl": "https://html-validate.org/rules/prefer-button.html",
        "selector": "input",
        "severity": 2,
        "size": 6,
      },
    ],
    "source": "<input type="button">",
    "warningCount": 0,
  },
]
`;
