// Jest Snapshot v1, https://jestjs.io/docs/snapshot-testing

exports[`docs/rules/prefer-native-element.md inline validation: correct 1`] = `[]`;

exports[`docs/rules/prefer-native-element.md inline validation: incorrect 1`] = `
[
  {
    "errorCount": 1,
    "filePath": "inline",
    "messages": [
      {
        "column": 6,
        "context": {
          "replacement": "main",
          "role": "main",
        },
        "line": 1,
        "message": "Prefer to use the native <main> element",
        "offset": 5,
        "ruleId": "prefer-native-element",
        "ruleUrl": "https://html-validate.org/rules/prefer-native-element.html",
        "selector": "div",
        "severity": 2,
        "size": 11,
      },
    ],
    "source": "<div role="main">
  <p>Lorem ipsum</p>
</div>",
    "warningCount": 0,
  },
]
`;
