// Jest Snapshot v1, https://goo.gl/fbAQLP

exports[`docs/rules/script-element.md inline validation: correct 1`] = `Array []`;

exports[`docs/rules/script-element.md inline validation: incorrect 1`] = `
Array [
  Object {
    "errorCount": 1,
    "filePath": "inline",
    "messages": Array [
      Object {
        "column": 26,
        "context": undefined,
        "line": 1,
        "message": "End tag for <script> must not be omitted",
        "offset": 25,
        "ruleId": "script-element",
        "ruleUrl": "https://html-validate.org/rules/script-element.html",
        "selector": "script",
        "severity": 2,
        "size": 2,
      },
    ],
    "source": "<script src=\\"myscript.js\\"/>",
    "warningCount": 0,
  },
]
`;
