// Jest Snapshot v1, https://jestjs.io/docs/snapshot-testing

exports[`docs/rules/script-type.md inline validation: correct 1`] = `[]`;

exports[`docs/rules/script-type.md inline validation: incorrect 1`] = `
[
  {
    "errorCount": 3,
    "filePath": "inline",
    "messages": [
      {
        "column": 9,
        "line": 1,
        "message": ""type" attribute is unnecessary for javascript resources",
        "offset": 8,
        "ruleId": "script-type",
        "ruleUrl": "https://html-validate.org/rules/script-type.html",
        "selector": "script:nth-child(1)",
        "severity": 2,
        "size": 4,
      },
      {
        "column": 9,
        "line": 2,
        "message": ""type" attribute is unnecessary for javascript resources",
        "offset": 34,
        "ruleId": "script-type",
        "ruleUrl": "https://html-validate.org/rules/script-type.html",
        "selector": "script:nth-child(2)",
        "severity": 2,
        "size": 4,
      },
      {
        "column": 9,
        "line": 3,
        "message": ""type" attribute is unnecessary for javascript resources",
        "offset": 75,
        "ruleId": "script-type",
        "ruleUrl": "https://html-validate.org/rules/script-type.html",
        "selector": "script:nth-child(3)",
        "severity": 2,
        "size": 4,
      },
    ],
    "source": "<script type=""></script>
<script type="text/javascript"></script>
<script type="application/javascript"></script>",
    "warningCount": 0,
  },
]
`;
