// Jest Snapshot v1, https://jestjs.io/docs/snapshot-testing

exports[`docs/rules/svg-focusable.md inline validation: correct 1`] = `[]`;

exports[`docs/rules/svg-focusable.md inline validation: incorrect 1`] = `
[
  {
    "errorCount": 1,
    "filePath": "inline",
    "messages": [
      {
        "column": 3,
        "line": 2,
        "message": "<svg> is missing required "focusable" attribute",
        "offset": 15,
        "ruleId": "svg-focusable",
        "ruleUrl": "https://html-validate.org/rules/svg-focusable.html",
        "selector": "a > svg",
        "severity": 2,
        "size": 3,
      },
    ],
    "source": "<a href="#">
	<svg></svg>
</a>",
    "warningCount": 0,
  },
]
`;
