// Jest Snapshot v1, https://jestjs.io/docs/snapshot-testing

exports[`docs/rules/tel-non-breaking.md inline validation: correct 1`] = `[]`;

exports[`docs/rules/tel-non-breaking.md inline validation: ignore-style 1`] = `[]`;

exports[`docs/rules/tel-non-breaking.md inline validation: ignored 1`] = `[]`;

exports[`docs/rules/tel-non-breaking.md inline validation: incorrect 1`] = `
[
  {
    "errorCount": 2,
    "filePath": "inline",
    "messages": [
      {
        "column": 14,
        "context": {
          "description": "non-breaking hyphen",
          "pattern": "-",
          "replacement": "&#8209;",
        },
        "line": 2,
        "message": ""-" should be replaced with "&#8209;" (non-breaking hyphen) in telephone number",
        "offset": 38,
        "ruleId": "tel-non-breaking",
        "ruleUrl": "https://html-validate.org/rules/tel-non-breaking.html",
        "selector": "a",
        "severity": 2,
        "size": 1,
      },
      {
        "column": 18,
        "context": {
          "description": "non-breaking space",
          "pattern": " ",
          "replacement": "&nbsp;",
        },
        "line": 2,
        "message": "" " should be replaced with "&nbsp;" (non-breaking space) in telephone number",
        "offset": 42,
        "ruleId": "tel-non-breaking",
        "ruleUrl": "https://html-validate.org/rules/tel-non-breaking.html",
        "selector": "a",
        "severity": 2,
        "size": 1,
      },
    ],
    "source": "<a href="tel:555123456">
    <span>555-123 456</span>
</a>",
    "warningCount": 0,
  },
]
`;
