// Jest Snapshot v1, https://jestjs.io/docs/snapshot-testing

exports[`docs/rules/text-content.md inline validation: correct 1`] = `[]`;

exports[`docs/rules/text-content.md inline validation: incorrect 1`] = `
[
  {
    "errorCount": 1,
    "filePath": "inline",
    "messages": [
      {
        "column": 2,
        "context": {
          "tagName": "button",
          "textContent": "accessible",
        },
        "line": 1,
        "message": "<button> must have accessible text",
        "offset": 1,
        "ruleId": "text-content",
        "ruleUrl": "https://html-validate.org/rules/text-content.html",
        "selector": "button",
        "severity": 2,
        "size": 6,
      },
    ],
    "source": "<button type="button"></button>",
    "warningCount": 0,
  },
]
`;
