// Jest Snapshot v1, https://goo.gl/fbAQLP

exports[`docs/rules/unrecognized-char-ref.md inline validation: correct 1`] = `Array []`;

exports[`docs/rules/unrecognized-char-ref.md inline validation: incorrect 1`] = `
Array [
  Object {
    "errorCount": 1,
    "filePath": "inline",
    "messages": Array [
      Object {
        "column": 4,
        "context": "&foobar;",
        "line": 1,
        "message": "Unrecognized character reference \\"&foobar;\\"",
        "offset": 3,
        "ruleId": "unrecognized-char-ref",
        "selector": null,
        "severity": 2,
        "size": 8,
      },
    ],
    "source": "<p>&foobar;</p>",
    "warningCount": 0,
  },
]
`;
