// Jest Snapshot v1, https://jestjs.io/docs/snapshot-testing

exports[`docs/rules/void-style.md inline validation: correct 1`] = `[]`;

exports[`docs/rules/void-style.md inline validation: incorrect 1`] = `
[
  {
    "errorCount": 1,
    "filePath": "inline",
    "messages": [
      {
        "column": 7,
        "context": {
          "style": 1,
          "tagName": "input",
        },
        "line": 1,
        "message": "Expected omitted end tag <input> instead of self-closing element <input/>",
        "offset": 6,
        "ruleId": "void-style",
        "ruleUrl": "https://html-validate.org/rules/void-style.html",
        "selector": "input",
        "severity": 2,
        "size": 2,
      },
    ],
    "source": "<input/>",
    "warningCount": 0,
  },
]
`;
