// Jest Snapshot v1, https://jestjs.io/docs/snapshot-testing

exports[`docs/rules/void-content.md inline validation: correct 1`] = `[]`;

exports[`docs/rules/void-content.md inline validation: incorrect 1`] = `
[
  {
    "errorCount": 1,
    "filePath": "inline",
    "messages": [
      {
        "column": 7,
        "context": "img",
        "line": 1,
        "message": "End tag for <img> must be omitted",
        "offset": 6,
        "ruleId": "void-content",
        "ruleUrl": "https://html-validate.org/rules/void-content.html",
        "selector": null,
        "severity": 2,
        "size": 4,
      },
    ],
    "source": "<img></img>",
    "warningCount": 0,
  },
]
`;
