// Jest Snapshot v1, https://goo.gl/fbAQLP

exports[`docs/index.md inline validation: frontpage-a17y 1`] = `
Array [
  Object {
    "errorCount": 3,
    "filePath": "inline",
    "messages": Array [
      Object {
        "column": 2,
        "context": undefined,
        "line": 1,
        "message": "<img> is missing required alt attribute",
        "offset": 1,
        "ruleId": "WCAG/H37",
        "severity": 2,
        "size": 3,
      },
      Object {
        "column": 2,
        "context": Object {
          "attribute": "type",
          "element": "button",
        },
        "line": 2,
        "message": "<button> is missing required attribute \\"type\\"",
        "offset": 22,
        "ruleId": "element-required-attributes",
        "severity": 2,
        "size": 6,
      },
      Object {
        "column": 4,
        "context": undefined,
        "line": 6,
        "message": "<input> element does not have a <label>",
        "offset": 130,
        "ruleId": "input-missing-label",
        "severity": 2,
        "size": 5,
      },
    ],
    "source": "<img src=\\"logo.png\\">
<button onclick=\\"myFunction();\\">Click me!</button>

<div class=\\"field-wrapper\\">
  <strong>Name: </strong>
  <input type=\\"text\\" name=\\"name\\">
</div>",
    "warningCount": 0,
  },
]
`;

exports[`docs/index.md inline validation: frontpage-components 1`] = `
Array [
  Object {
    "errorCount": 2,
    "filePath": "inline",
    "messages": Array [
      Object {
        "column": 4,
        "context": undefined,
        "line": 2,
        "message": "Element <my-block> is not permitted as content in <my-inline>",
        "offset": 15,
        "ruleId": "element-permitted-content",
        "severity": 2,
        "size": 8,
      },
      Object {
        "column": 4,
        "context": undefined,
        "line": 3,
        "message": "<my-deprecated> is deprecated: replaced with <my-other>",
        "offset": 39,
        "ruleId": "deprecated",
        "severity": 2,
        "size": 13,
      },
    ],
    "source": "<my-inline>
  <my-block></my-block>
  <my-deprecated></my-deprecated>
</my-inline>",
    "warningCount": 0,
  },
]
`;

exports[`docs/index.md inline validation: frontpage-contentmodel 1`] = `
Array [
  Object {
    "errorCount": 3,
    "filePath": "inline",
    "messages": Array [
      Object {
        "column": 6,
        "context": undefined,
        "line": 4,
        "message": "Element <legend> must be used before <p> in this context",
        "offset": 65,
        "ruleId": "element-permitted-order",
        "severity": 2,
        "size": 6,
      },
      Object {
        "column": 4,
        "context": undefined,
        "line": 7,
        "message": "Element <main> is not permitted as descendant of <footer>",
        "offset": 127,
        "ruleId": "element-permitted-content",
        "severity": 2,
        "size": 4,
      },
      Object {
        "column": 6,
        "context": undefined,
        "line": 8,
        "message": "<blink> is deprecated",
        "offset": 138,
        "ruleId": "deprecated",
        "severity": 2,
        "size": 5,
      },
    ],
    "source": "<footer>
  <fieldset>
    <p>Lorem ipsum dolor sit amet</p>
    <legend>Consectetur adipiscing elit</legend>
  </fieldset>

  <main>
    <blink>(c) 2018 Initech</blink>
  </main>

</footer>",
    "warningCount": 0,
  },
]
`;
