// Jest Snapshot v1, https://goo.gl/fbAQLP

exports[`docs/index.md inline validation: frontpage-a11y 1`] = `
[
  {
    "errorCount": 3,
    "filePath": "inline",
    "messages": [
      {
        "column": 2,
        "line": 1,
        "message": "<img> is missing required "alt" attribute",
        "offset": 1,
        "ruleId": "wcag/h37",
        "ruleUrl": "https://html-validate.org/rules/wcag/h37.html",
        "selector": "img",
        "severity": 2,
        "size": 3,
      },
      {
        "column": 2,
        "line": 2,
        "message": "<button> is missing required "type" attribute",
        "offset": 22,
        "ruleId": "no-implicit-button-type",
        "ruleUrl": "https://html-validate.org/rules/no-implicit-button-type.html",
        "selector": "button",
        "severity": 2,
        "size": 6,
      },
      {
        "column": 4,
        "line": 6,
        "message": "<input> element does not have a <label>",
        "offset": 130,
        "ruleId": "input-missing-label",
        "ruleUrl": "https://html-validate.org/rules/input-missing-label.html",
        "selector": "div > input",
        "severity": 2,
        "size": 5,
      },
    ],
    "source": "<img src="logo.png">
<button onclick="myFunction();">Click me!</button>

<div class="field-wrapper">
  <strong>Name: </strong>
  <input type="text" name="name">
</div>",
    "warningCount": 0,
  },
]
`;

exports[`docs/index.md inline validation: frontpage-components 1`] = `
[
  {
    "errorCount": 2,
    "filePath": "inline",
    "messages": [
      {
        "column": 4,
        "context": {
          "child": "<my-block>",
          "kind": "content",
          "parent": "<my-inline>",
        },
        "line": 2,
        "message": "<my-block> element is not permitted as content under <my-inline>",
        "offset": 15,
        "ruleId": "element-permitted-content",
        "ruleUrl": "https://html-validate.org/rules/element-permitted-content.html",
        "selector": "my-inline > my-block",
        "severity": 2,
        "size": 8,
      },
      {
        "column": 4,
        "context": {
          "tagName": "my-deprecated",
        },
        "line": 3,
        "message": "<my-deprecated> is deprecated: replaced with <my-other>",
        "offset": 39,
        "ruleId": "deprecated",
        "ruleUrl": "https://html-validate.org/rules/deprecated.html",
        "selector": "my-inline > my-deprecated",
        "severity": 2,
        "size": 13,
      },
    ],
    "source": "<my-inline>
  <my-block></my-block>
  <my-deprecated></my-deprecated>
</my-inline>",
    "warningCount": 0,
  },
]
`;

exports[`docs/index.md inline validation: frontpage-contentmodel 1`] = `
[
  {
    "errorCount": 3,
    "filePath": "inline",
    "messages": [
      {
        "column": 6,
        "line": 4,
        "message": "Element <legend> must be used before <p> in this context",
        "offset": 65,
        "ruleId": "element-permitted-order",
        "ruleUrl": "https://html-validate.org/rules/element-permitted-order.html",
        "selector": "footer > fieldset > legend",
        "severity": 2,
        "size": 6,
      },
      {
        "column": 4,
        "context": {
          "ancestor": "<footer>",
          "child": "<main>",
          "kind": "descendant",
        },
        "line": 7,
        "message": "<main> element is not permitted as a descendant of <footer>",
        "offset": 127,
        "ruleId": "element-permitted-content",
        "ruleUrl": "https://html-validate.org/rules/element-permitted-content.html",
        "selector": "footer > main",
        "severity": 2,
        "size": 4,
      },
      {
        "column": 6,
        "context": {
          "documentation": "\`<blink>\` has no direct replacement and blinking text is frowned upon by accessibility standards.",
          "source": "non-standard",
          "tagName": "blink",
        },
        "line": 8,
        "message": "<blink> is deprecated",
        "offset": 138,
        "ruleId": "deprecated",
        "ruleUrl": "https://html-validate.org/rules/deprecated.html",
        "selector": "footer > main > blink",
        "severity": 2,
        "size": 5,
      },
    ],
    "source": "<footer>
  <fieldset>
    <p>Lorem ipsum dolor sit amet</p>
    <legend>Consectetur adipiscing elit</legend>
  </fieldset>

  <main>
    <blink>(c) 2018 Initech</blink>
  </main>

</footer>",
    "warningCount": 0,
  },
]
`;
