// Jest Snapshot v1, https://goo.gl/fbAQLP

exports[`wcag/h30 should contain documentation 1`] = `
{
  "description": "WCAG 2.1 requires each \`<a href>\` anchor link to have a text describing the purpose of the link using either plain text or an \`<img>\` with the \`alt\` attribute set.",
  "url": "https://html-validate.org/rules/wcag/h30.html",
}
`;
