// Jest Snapshot v1, https://goo.gl/fbAQLP

exports[`wcag/h32 should contain documentation 1`] = `
{
  "description": "WCAG 2.1 requires each \`<form>\` element to have at least one submit button.",
  "url": "https://html-validate.org/rules/wcag/h32.html",
}
`;

exports[`wcag/h32 smoketest 1`] = `
[
  {
    "errorCount": 1,
    "filePath": "test-files/rules/wcag/h32.html",
    "messages": [
      {
        "column": 2,
        "context": undefined,
        "line": 9,
        "message": "<form> element must have a submit button",
        "offset": 110,
        "ruleId": "wcag/h32",
        "ruleUrl": "https://html-validate.org/rules/wcag/h32.html",
        "selector": "form:nth-child(3)",
        "severity": 2,
        "size": 4,
      },
    ],
    "source": "<form>
	<button type="submit">Submit</button>
</form>

<form>
	<input type="submit" value="Submit">
</form>

<form>
	<input type="text">
	<button>Foo</button>
	<button type="button">Bar</button>
</form>
",
    "warningCount": 0,
  },
]
`;
