// Jest Snapshot v1, https://goo.gl/fbAQLP

exports[`wcag/h67 should contain documentation 1`] = `
{
  "description": "A decorative image cannot have a title attribute. Either remove \`title\` or add a descriptive \`alt\` text.",
  "url": "https://html-validate.org/rules/wcag/h67.html",
}
`;

exports[`wcag/h67 smoketest 1`] = `
[
  {
    "errorCount": 2,
    "filePath": "test-files/rules/wcag/h67.html",
    "messages": [
      {
        "column": 6,
        "line": 5,
        "message": "<img> with empty alt text cannot have title attribute",
        "offset": 70,
        "ruleId": "wcag/h67",
        "ruleUrl": "https://html-validate.org/rules/wcag/h67.html",
        "selector": "img:nth-child(5)",
        "severity": 2,
        "size": 5,
      },
      {
        "column": 13,
        "line": 6,
        "message": "<img> with empty alt text cannot have title attribute",
        "offset": 95,
        "ruleId": "wcag/h67",
        "ruleUrl": "https://html-validate.org/rules/wcag/h67.html",
        "selector": "img:nth-child(6)",
        "severity": 2,
        "size": 5,
      },
    ],
    "source": "<img>
<img alt="foo">
<img alt="foo" title="bar">
<img title="">
<img title="bar">
<img alt="" title="bar">

<!-- regression #33 (https://gitlab.com/html-validate/html-validate/issues/33) -->
<div>
	<span>
</div>
",
    "warningCount": 0,
  },
]
`;
