// Jest Snapshot v1, https://goo.gl/fbAQLP

exports[`HtmlValidate configuration smoketest test-files/config/cjs-config/file.html 1`] = `undefined`;

exports[`HtmlValidate configuration smoketest test-files/config/directive/disable.html 1`] = `undefined`;

exports[`HtmlValidate configuration smoketest test-files/config/directive/disable-block.html 1`] = `undefined`;

exports[`HtmlValidate configuration smoketest test-files/config/directive/disable-multiple.html 1`] = `undefined`;

exports[`HtmlValidate configuration smoketest test-files/config/directive/disable-next.html 1`] = `undefined`;

exports[`HtmlValidate configuration smoketest test-files/config/elements/file.html 1`] = `undefined`;

exports[`HtmlValidate configuration smoketest test-files/config/file.html 1`] = `undefined`;

exports[`HtmlValidate configuration smoketest test-files/config/js-config/file.html 1`] = `undefined`;

exports[`HtmlValidate configuration smoketest test-files/config/off/error/file.html 1`] = `undefined`;

exports[`HtmlValidate configuration smoketest test-files/config/off/file.html 1`] = `undefined`;

exports[`HtmlValidate configuration smoketest test-files/config/warn/file.html 1`] = `undefined`;
