// Jest Snapshot v1, https://goo.gl/fbAQLP

exports[`regression tests test-files/issues/issue27-disable-block.html 1`] = `Array []`;

exports[`regression tests test-files/issues/issue35-dynamic-values.html 1`] = `Array []`;

exports[`regression tests test-files/issues/issue51-cond-comment.html 1`] = `
Array [
  Object {
    "errorCount": 8,
    "filePath": "test-files/issues/issue51-cond-comment.html",
    "messages": Array [
      Object {
        "column": 1,
        "context": undefined,
        "line": 2,
        "message": "Use of conditional comments are deprecated",
        "offset": 16,
        "ruleId": "no-conditional-comment",
        "selector": null,
        "severity": 2,
        "size": 17,
      },
      Object {
        "column": 60,
        "context": undefined,
        "line": 2,
        "message": "Use of conditional comments are deprecated",
        "offset": 75,
        "ruleId": "no-conditional-comment",
        "selector": null,
        "severity": 2,
        "size": 12,
      },
      Object {
        "column": 1,
        "context": undefined,
        "line": 3,
        "message": "Use of conditional comments are deprecated",
        "offset": 88,
        "ruleId": "no-conditional-comment",
        "selector": null,
        "severity": 2,
        "size": 14,
      },
      Object {
        "column": 60,
        "context": undefined,
        "line": 3,
        "message": "Use of conditional comments are deprecated",
        "offset": 147,
        "ruleId": "no-conditional-comment",
        "selector": null,
        "severity": 2,
        "size": 12,
      },
      Object {
        "column": 1,
        "context": undefined,
        "line": 4,
        "message": "Use of conditional comments are deprecated",
        "offset": 160,
        "ruleId": "no-conditional-comment",
        "selector": null,
        "severity": 2,
        "size": 14,
      },
      Object {
        "column": 60,
        "context": undefined,
        "line": 4,
        "message": "Use of conditional comments are deprecated",
        "offset": 219,
        "ruleId": "no-conditional-comment",
        "selector": null,
        "severity": 2,
        "size": 12,
      },
      Object {
        "column": 1,
        "context": undefined,
        "line": 5,
        "message": "Use of conditional comments are deprecated",
        "offset": 232,
        "ruleId": "no-conditional-comment",
        "selector": null,
        "severity": 2,
        "size": 17,
      },
      Object {
        "column": 5,
        "context": undefined,
        "line": 7,
        "message": "Use of conditional comments are deprecated",
        "offset": 290,
        "ruleId": "no-conditional-comment",
        "selector": null,
        "severity": 2,
        "size": 12,
      },
    ],
    "source": "<!DOCTYPE html>
<!--[if lt IE 7]> <html class=\\"no-js ie6 oldie\\" lang=\\"en\\"> <![endif]-->
<!--[if IE 7]>    <html class=\\"no-js ie7 oldie\\" lang=\\"en\\"> <![endif]-->
<!--[if IE 8]>    <html class=\\"no-js ie8 oldie\\" lang=\\"en\\"> <![endif]-->
<!--[if gt IE 8]><!-->
<html class=\\"no-js\\" lang=\\"en\\">
<!--<![endif]-->
<head>
<title>whatever</title>
</head>
<body>
<p>whatever</p>
</body>
</html>
",
    "warningCount": 0,
  },
]
`;
