// Jest Snapshot v1, https://jestjs.io/docs/snapshot-testing

exports[`docs/rules/wcag/h37.md inline validation: alias 1`] = `[]`;

exports[`docs/rules/wcag/h37.md inline validation: allow-empty 1`] = `[]`;

exports[`docs/rules/wcag/h37.md inline validation: correct 1`] = `[]`;

exports[`docs/rules/wcag/h37.md inline validation: incorrect 1`] = `
[
  {
    "errorCount": 1,
    "filePath": "inline",
    "messages": [
      {
        "column": 2,
        "line": 1,
        "message": "<img> is missing required "alt" attribute",
        "offset": 1,
        "ruleId": "wcag/h37",
        "ruleUrl": "https://html-validate.org/rules/wcag/h37.html",
        "selector": "img",
        "severity": 2,
        "size": 3,
      },
    ],
    "source": "<img>",
    "warningCount": 0,
  },
]
`;
